Component: ARM Compiler 5.06 update 1 (build 61) Tool: armlink [4d35a8]

==============================================================================

Section Cross References

    main.o(i.USART1_IRQHandler) refers to stm32f10x_usart.o(i.USART_GetITStatus) for USART_GetITStatus
    main.o(i.USART1_IRQHandler) refers to stm32f10x_usart.o(i.USART_ClearITPendingBit) for USART_ClearITPendingBit
    main.o(i.USART1_IRQHandler) refers to mbotlinuxusart.o(i.usartReceiveOneData) for usartReceiveOneData
    main.o(i.USART1_IRQHandler) refers to main.o(.data) for ctrlflag
    main.o(i.main) refers to delay.o(i.delay_init) for delay_init
    main.o(i.main) refers to misc.o(i.NVIC_PriorityGroupConfig) for NVIC_PriorityGroupConfig
    main.o(i.main) refers to usart.o(i.uart_init) for uart_init
    main.o(i.main) refers to led.o(i.LED_Init) for LED_Init
    main.o(i.main) refers to adc.o(i.Adc_Init) for Adc_Init
    main.o(i.main) refers to can.o(i.CAN_Mode_Init) for CAN_Mode_Init
    main.o(i.main) refers to dac.o(i.Dac1_Init) for Dac1_Init
    main.o(i.main) refers to key.o(i.KEY_Init) for KEY_Init
    main.o(i.main) refers to exti.o(i.EXTIX_Init) for EXTIX_Init
    main.o(i.main) refers to dir_gpio.o(i.DIR_Init) for DIR_Init
    main.o(i.main) refers to timer.o(i.basic_timerInit) for basic_timerInit
    main.o(i.main) refers to stepdriver.o(i.Driver_Init) for Driver_Init
    main.o(i.main) refers to stepdriver.o(i.TIM8_OPM_RCR_Init) for TIM8_OPM_RCR_Init
    main.o(i.main) refers to rs485.o(i.RS485_Init) for RS485_Init
    main.o(i.main) refers to fflt_clz.o(x$fpl$ffltu) for __aeabi_ui2f
    main.o(i.main) refers to fdiv.o(x$fpl$fdiv) for __aeabi_fdiv
    main.o(i.main) refers to f2d.o(x$fpl$f2d) for __aeabi_f2d
    main.o(i.main) refers to dmul.o(x$fpl$dmul) for __aeabi_dmul
    main.o(i.main) refers to d2f.o(x$fpl$d2f) for __aeabi_d2f
    main.o(i.main) refers to mbotlinuxusart.o(i.usartSendData) for usartSendData
    main.o(i.main) refers to delay.o(i.delay_ms) for delay_ms
    main.o(i.main) refers to main.o(.data) for adc_ConvertValue
    main.o(i.main) refers to timer.o(.data) for adc_Voltage
    main.o(i.main) refers to rs485.o(.data) for MtSpeed
    main.o(i.main) refers to can.o(.data) for Yaw
    system_stm32f10x.o(i.SetSysClock) refers to system_stm32f10x.o(i.SetSysClockTo72) for SetSysClockTo72
    system_stm32f10x.o(i.SystemCoreClockUpdate) refers to system_stm32f10x.o(.data) for SystemCoreClock
    system_stm32f10x.o(i.SystemInit) refers to system_stm32f10x.o(i.SetSysClock) for SetSysClock
    delay.o(i.delay_init) refers to misc.o(i.SysTick_CLKSourceConfig) for SysTick_CLKSourceConfig
    delay.o(i.delay_init) refers to system_stm32f10x.o(.data) for SystemCoreClock
    delay.o(i.delay_init) refers to delay.o(.data) for fac_us
    delay.o(i.delay_ms) refers to delay.o(.data) for fac_ms
    delay.o(i.delay_us) refers to delay.o(.data) for fac_us
    usart.o(i._sys_exit) refers (Special) to use_no_semi_2.o(.text) for __use_no_semihosting
    usart.o(i.fputc) refers (Special) to use_no_semi_2.o(.text) for __use_no_semihosting
    usart.o(i.uart_init) refers (Special) to use_no_semi_2.o(.text) for __use_no_semihosting
    usart.o(i.uart_init) refers to stm32f10x_rcc.o(i.RCC_APB2PeriphClockCmd) for RCC_APB2PeriphClockCmd
    usart.o(i.uart_init) refers to stm32f10x_gpio.o(i.GPIO_Init) for GPIO_Init
    usart.o(i.uart_init) refers to misc.o(i.NVIC_Init) for NVIC_Init
    usart.o(i.uart_init) refers to stm32f10x_usart.o(i.USART_Init) for USART_Init
    usart.o(i.uart_init) refers to stm32f10x_usart.o(i.USART_ITConfig) for USART_ITConfig
    usart.o(i.uart_init) refers to stm32f10x_usart.o(i.USART_Cmd) for USART_Cmd
    usart.o(.bss) refers (Special) to use_no_semi_2.o(.text) for __use_no_semihosting
    usart.o(.data) refers (Special) to use_no_semi_2.o(.text) for __use_no_semihosting
    startup_stm32f10x_hd.o(STACK) refers (Special) to heapauxi.o(.text) for __use_two_region_memory
    startup_stm32f10x_hd.o(HEAP) refers (Special) to heapauxi.o(.text) for __use_two_region_memory
    startup_stm32f10x_hd.o(RESET) refers (Special) to heapauxi.o(.text) for __use_two_region_memory
    startup_stm32f10x_hd.o(RESET) refers to startup_stm32f10x_hd.o(STACK) for __initial_sp
    startup_stm32f10x_hd.o(RESET) refers to startup_stm32f10x_hd.o(.text) for Reset_Handler
    startup_stm32f10x_hd.o(RESET) refers to stm32f10x_it.o(i.NMI_Handler) for NMI_Handler
    startup_stm32f10x_hd.o(RESET) refers to stm32f10x_it.o(i.HardFault_Handler) for HardFault_Handler
    startup_stm32f10x_hd.o(RESET) refers to stm32f10x_it.o(i.MemManage_Handler) for MemManage_Handler
    startup_stm32f10x_hd.o(RESET) refers to stm32f10x_it.o(i.BusFault_Handler) for BusFault_Handler
    startup_stm32f10x_hd.o(RESET) refers to stm32f10x_it.o(i.UsageFault_Handler) for UsageFault_Handler
    startup_stm32f10x_hd.o(RESET) refers to stm32f10x_it.o(i.SVC_Handler) for SVC_Handler
[...]
    ..\STM32F10x_FWLib\src\stm32f10x_gpio.c  0x00000000   Number         0  stm32f10x_gpio.o ABSOLUTE
    ..\STM32F10x_FWLib\src\stm32f10x_i2c.c   0x00000000   Number         0  stm32f10x_i2c.o ABSOLUTE
    ..\STM32F10x_FWLib\src\stm32f10x_iwdg.c  0x00000000   Number         0  stm32f10x_iwdg.o ABSOLUTE
    ..\STM32F10x_FWLib\src\stm32f10x_pwr.c   0x00000000   Number         0  stm32f10x_pwr.o ABSOLUTE
    ..\STM32F10x_FWLib\src\stm32f10x_rcc.c   0x00000000   Number         0  stm32f10x_rcc.o ABSOLUTE
    ..\STM32F10x_FWLib\src\stm32f10x_rtc.c   0x00000000   Number         0  stm32f10x_rtc.o ABSOLUTE
    ..\STM32F10x_FWLib\src\stm32f10x_sdio.c  0x00000000   Number         0  stm32f10x_sdio.o ABSOLUTE
    ..\STM32F10x_FWLib\src\stm32f10x_spi.c   0x00000000   Number         0  stm32f10x_spi.o ABSOLUTE
    ..\STM32F10x_FWLib\src\stm32f10x_tim.c   0x00000000   Number         0  stm32f10x_tim.o ABSOLUTE
    ..\STM32F10x_FWLib\src\stm32f10x_usart.c 0x00000000   Number         0  stm32f10x_usart.o ABSOLUTE
    ..\STM32F10x_FWLib\src\stm32f10x_wwdg.c  0x00000000   Number         0  stm32f10x_wwdg.o ABSOLUTE
    ..\SYSTEM\delay\delay.c                  0x00000000   Number         0  delay.o ABSOLUTE
    ..\SYSTEM\sys\sys.c                      0x00000000   Number         0  sys.o ABSOLUTE
    ..\SYSTEM\usart\usart.c                  0x00000000   Number         0  usart.o ABSOLUTE
    ..\\CORE\\core_cm3.c                     0x00000000   Number         0  core_cm3.o ABSOLUTE
    ..\\SYSTEM\\sys\\sys.c                   0x00000000   Number         0  sys.o ABSOLUTE
    dc.s                                     0x00000000   Number         0  dc.o ABSOLUTE
    main.c                                   0x00000000   Number         0  main.o ABSOLUTE
    stm32f10x_it.c                           0x00000000   Number         0  stm32f10x_it.o ABSOLUTE
    system_stm32f10x.c                       0x00000000   Number         0  system_stm32f10x.o ABSOLUTE
    RESET                                    0x08000000   Section      304  startup_stm32f10x_hd.o(RESET)
    !!!main                                  0x08000130   Section        8  __main.o(!!!main)
    !!!scatter                               0x08000138   Section       52  __scatter.o(!!!scatter)
    !!handler_copy                           0x0800016c   Section       26  __scatter_copy.o(!!handler_copy)
    !!handler_zi                             0x08000188   Section       28  __scatter_zi.o(!!handler_zi)
    .ARM.Collect$$_printf_percent$$00000000  0x080001a4   Section        0  _printf_percent.o(.ARM.Collect$$_printf_percent$$00000000)
    .ARM.Collect$$_printf_percent$$00000009  0x080001a4   Section        6  _printf_d.o(.ARM.Collect$$_printf_percent$$00000009)
    .ARM.Collect$$_printf_percent$$00000017  0x080001aa   Section        4  _printf_percent_end.o(.ARM.Collect$$_printf_percent$$00000017)
    .ARM.Collect$$libinit$$00000000          0x080001ae   Section        2  libinit.o(.ARM.Collect$$libinit$$00000000)
    .ARM.Collect$$libinit$$00000002          0x080001b0   Section        0  libinit2.o(.ARM.Collect$$libinit$$00000002)
    .ARM.Collect$$libinit$$00000004          0x080001b0   Section        0  libinit2.o(.ARM.Collect$$libinit$$00000004)
    .ARM.Collect$$libinit$$0000000A          0x080001b0   Section        0  libinit2.o(.ARM.Collect$$libinit$$0000000A)
    .ARM.Collect$$libinit$$0000000C          0x080001b0   Section        0  libinit2.o(.ARM.Collect$$libinit$$0000000C)
    .ARM.Collect$$libinit$$0000000E          0x080001b0   Section        0  libinit2.o(.ARM.Collect$$libinit$$0000000E)
    .ARM.Collect$$libinit$$00000011          0x080001b0   Section        0  libinit2.o(.ARM.Collect$$libinit$$00000011)
    .ARM.Collect$$libinit$$00000013          0x080001b0   Section        0  libinit2.o(.ARM.Collect$$libinit$$00000013)
    .ARM.Collect$$libinit$$00000015          0x080001b0   Section        0  libinit2.o(.ARM.Collect$$libinit$$00000015)
    .ARM.Collect$$libinit$$00000017          0x080001b0   Section        0  libinit2.o(.ARM.Collect$$libinit$$00000017)
    .ARM.Collect$$libinit$$00000019          0x080001b0   Section        0  libinit2.o(.ARM.Collect$$libinit$$00000019)
    .ARM.Collect$$libinit$$0000001B          0x080001b0   Section        0  libinit2.o(.ARM.Collect$$libinit$$0000001B)
    .ARM.Collect$$libinit$$0000001D          0x080001b0   Section        0  libinit2.o(.ARM.Collect$$libinit$$0000001D)
    .ARM.Collect$$libinit$$0000001F          0x080001b0   Section        0  libinit2.o(.ARM.Collect$$libinit$$0000001F)
    .ARM.Collect$$libinit$$00000021          0x080001b0   Section        0  libinit2.o(.ARM.Collect$$libinit$$00000021)
    .ARM.Collect$$libinit$$00000023          0x080001b0   Section        0  libinit2.o(.ARM.Collect$$libinit$$00000023)
    .ARM.Collect$$libinit$$00000025          0x080001b0   Section        0  libinit2.o(.ARM.Collect$$libinit$$00000025)
    .ARM.Collect$$libinit$$0000002C          0x080001b0   Section        0  libinit2.o(.ARM.Collect$$libinit$$0000002C)
    .ARM.Collect$$libinit$$0000002E          0x080001b0   Section        0  libinit2.o(.ARM.Collect$$libinit$$0000002E)
    .ARM.Collect$$libinit$$00000030          0x080001b0   Section        0  libinit2.o(.ARM.Collect$$libinit$$00000030)
    .ARM.Collect$$libinit$$00000032          0x080001b0   Section        0  libinit2.o(.ARM.Collect$$libinit$$00000032)
    .ARM.Collect$$libinit$$00000033          0x080001b0   Section        2  libinit2.o(.ARM.Collect$$libinit$$00000033)
    .ARM.Collect$$libshutdown$$00000000      0x080001b2   Section        2  libshutdown.o(.ARM.Collect$$libshutdown$$00000000)
    .ARM.Collect$$libshutdown$$00000002      0x080001b4   Section        0  libshutdown2.o(.ARM.Collect$$libshutdown$$00000002)
    .ARM.Collect$$libshutdown$$00000004      0x080001b4   Section        0  libshutdown2.o(.ARM.Collect$$libshutdown$$00000004)
    .ARM.Collect$$libshutdown$$00000007      0x080001b4   Section        0  libshutdown2.o(.ARM.Collect$$libshutdown$$00000007)
    .ARM.Collect$$libshutdown$$0000000A      0x080001b4   Section        0  libshutdown2.o(.ARM.Collect$$libshutdown$$0000000A)
    .ARM.Collect$$libshutdown$$0000000C      0x080001b4   Section        0  libshutdown2.o(.ARM.Collect$$libshutdown$$0000000C)
    .ARM.Collect$$libshutdown$$0000000F      0x080001b4   Section        0  libshutdown2.o(.ARM.Collect$$libshutdown$$0000000F)
    .ARM.Collect$$libshutdown$$00000010      0x080001b4   Section        2  libshutdown2.o(.ARM.Collect$$libshutdown$$00000010)
    .ARM.Collect$$rtentry$$00000000          0x080001b6   Section        0  __rtentry.o(.ARM.Collect$$rtentry$$00000000)
    .ARM.Collect$$rtentry$$00000002          0x080001b6   Section        0  __rtentry2.o(.ARM.Collect$$rtentry$$00000002)
    .ARM.Collect$$rtentry$$00000004          0x080001b6   Section        6  __rtentry4.o(.ARM.Collect$$rtentry$$00000004)
    .ARM.Collect$$rtentry$$00000009          0x080001bc   Section        0  __rtentry2.o(.ARM.Collect$$rtentry$$00000009)
    .ARM.Collect$$rtentry$$0000000A          0x080001bc   Section        4  __rtentry2.o(.ARM.Collect$$rtentry$$0000000A)
    .ARM.Collect$$rtentry$$0000000C          0x080001c0   Section        0  __rtentry2.o(.ARM.Collect$$rtentry$$0000000C)
    .ARM.Collect$$rtentry$$0000000D          0x080001c0   Section        8  __rtentry2.o(.ARM.Collect$$rtentry$$0000000D)
    .ARM.Collect$$rtexit$$00000000           0x080001c8   Section        2  rtexit.o(.ARM.Collect$$rtexit$$00000000)
    .ARM.Collect$$rtexit$$00000002           0x080001ca   Section        0  rtexit2.o(.ARM.Collect$$rtexit$$00000002)
    .ARM.Collect$$rtexit$$00000003           0x080001ca   Section        4  rtexit2.o(.ARM.Collect$$rtexit$$00000003)
    .ARM.Collect$$rtexit$$00000004           0x080001ce   Section        6  rtexit2.o(.ARM.Collect$$rtexit$$00000004)
    .text                                    0x080001d4   Section       64  startup_stm32f10x_hd.o(.text)
    .text                                    0x08000214   Section        2  use_no_semi_2.o(.text)
    .text                                    0x08000218   Section        0  noretval__2printf.o(.text)
    .text                                    0x08000230   Section        0  _printf_dec.o(.text)
    .text                                    0x080002a8   Section        0  __printf_ss.o(.text)
    .text                                    0x08000360   Section       78  rt_memclr_w.o(.text)
    .text                                    0x080003ae   Section        0  heapauxi.o(.text)
    .text                                    0x080003b4   Section        2  use_no_semi.o(.text)
    .text                                    0x080003b6   Section        0  _printf_intcommon.o(.text)
    .text                                    0x08000468   Section        0  _printf_char_file.o(.text)
    .text                                    0x0800048c   Section        0  _printf_char_common.o(.text)
    _printf_input_char                       0x0800048d   Thumb Code    10  _printf_char_common.o(.text)
    .text                                    0x080004bc   Section        0  ferror.o(.text)
    .text                                    0x080004c4   Section       74  sys_stackheap_outer.o(.text)
    .text                                    0x0800050e   Section        0  exit.o(.text)
    .text                                    0x08000520   Section        8  libspace.o(.text)
    i.ADC_Cmd                                0x08000528   Section        0  stm32f10x_adc.o(i.ADC_Cmd)
    i.ADC_DMACmd                             0x0800053e   Section        0  stm32f10x_adc.o(i.ADC_DMACmd)
    i.ADC_DeInit                             0x08000554   Section        0  stm32f10x_adc.o(i.ADC_DeInit)
    i.ADC_GetCalibrationStatus               0x080005b0   Section        0  stm32f10x_adc.o(i.ADC_GetCalibrationStatus)
    i.ADC_GetResetCalibrationStatus          0x080005c4   Section        0  stm32f10x_adc.o(i.ADC_GetResetCalibrationStatus)
    i.ADC_Init                               0x080005d8   Section        0  stm32f10x_adc.o(i.ADC_Init)
    i.ADC_RegularChannelConfig               0x08000628   Section        0  stm32f10x_adc.o(i.ADC_RegularChannelConfig)
    i.ADC_ResetCalibration                   0x080006e0   Section        0  stm32f10x_adc.o(i.ADC_ResetCalibration)
    i.ADC_SoftwareStartConvCmd               0x080006ea   Section        0  stm32f10x_adc.o(i.ADC_SoftwareStartConvCmd)
    i.ADC_StartCalibration                   0x08000700   Section        0  stm32f10x_adc.o(i.ADC_StartCalibration)
    i.Adc_Init                               0x0800070c   Section        0  adc.o(i.Adc_Init)
    i.BEBufToUint16                          0x08000800   Section        0  rs485.o(i.BEBufToUint16)
    i.BusFault_Handler                       0x0800080c   Section        0  stm32f10x_it.o(i.BusFault_Handler)
    i.CAN_FilterInit                         0x08000810   Section        0  stm32f10x_can.o(i.CAN_FilterInit)
    i.CAN_ITConfig                           0x08000918   Section        0  stm32f10x_can.o(i.CAN_ITConfig)
    i.CAN_Init                               0x0800092a   Section        0  stm32f10x_can.o(i.CAN_Init)
    i.CAN_Mode_Init                          0x08000a40   Section        0  can.o(i.CAN_Mode_Init)
    i.CAN_Receive                            0x08000b38   Section        0  stm32f10x_can.o(i.CAN_Receive)
    i.CRC_Compute                            0x08000c28   Section        0  rs485.o(i.CRC_Compute)
    i.DAC_Cmd                                0x08000c60   Section        0  stm32f10x_dac.o(i.DAC_Cmd)
    i.DAC_Init                               0x08000c88   Section        0  stm32f10x_dac.o(i.DAC_Init)
    i.DAC_SetChannel1Data                    0x08000cbc   Section        0  stm32f10x_dac.o(i.DAC_SetChannel1Data)
    i.DIR_Init                               0x08000cdc   Section        0  dir_gpio.o(i.DIR_Init)
    i.DMA_Cmd                                0x08000d18   Section        0  stm32f10x_dma.o(i.DMA_Cmd)
    i.DMA_DeInit                             0x08000d30   Section        0  stm32f10x_dma.o(i.DMA_DeInit)
    i.DMA_Init                               0x08000e7c   Section        0  stm32f10x_dma.o(i.DMA_Init)
    i.Dac1_Init                              0x08000eb8   Section        0  dac.o(i.Dac1_Init)
    i.DebugMon_Handler                       0x08000f1c   Section        0  stm32f10x_it.o(i.DebugMon_Handler)
    i.Driver_Init                            0x08000f20   Section        0  stepdriver.o(i.Driver_Init)
    i.EXTI0_IRQHandler                       0x08000f5c   Section        0  exti.o(i.EXTI0_IRQHandler)
    i.EXTI3_IRQHandler                       0x08000fa0   Section        0  exti.o(i.EXTI3_IRQHandler)
    i.EXTI4_IRQHandler                       0x08000fd4   Section        0  exti.o(i.EXTI4_IRQHandler)
    i.EXTIX_Init                             0x08001038   Section        0  exti.o(i.EXTIX_Init)
    i.EXTI_ClearITPendingBit                 0x0800111c   Section        0  stm32f10x_exti.o(i.EXTI_ClearITPendingBit)
    i.EXTI_GetITStatus                       0x08001128   Section        0  stm32f10x_exti.o(i.EXTI_GetITStatus)
    i.EXTI_Init                              0x08001150   Section        0  stm32f10x_exti.o(i.EXTI_Init)
    i.GPIO_EXTILineConfig                    0x080011e4   Section        0  stm32f10x_gpio.o(i.GPIO_EXTILineConfig)
    i.GPIO_Init                              0x08001224   Section        0  stm32f10x_gpio.o(i.GPIO_Init)
    i.GPIO_ReadInputDataBit                  0x0800133a   Section        0  stm32f10x_gpio.o(i.GPIO_ReadInputDataBit)
    i.GPIO_ResetBits                         0x0800134c   Section        0  stm32f10x_gpio.o(i.GPIO_ResetBits)
    i.GPIO_SetBits                           0x08001350   Section        0  stm32f10x_gpio.o(i.GPIO_SetBits)
    i.HardFault_Handler                      0x08001354   Section        0  stm32f10x_it.o(i.HardFault_Handler)
    i.KEY_Init                               0x08001358   Section        0  key.o(i.KEY_Init)
    i.LED_Init                               0x08001394   Section        0  led.o(i.LED_Init)
    i.Locate_Abs                             0x080013e0   Section        0  stepdriver.o(i.Locate_Abs)
    i.Locate_AbsAng                          0x080014ac   Section        0  stepdriver.o(i.Locate_AbsAng)
    i.Master_03_Slove                        0x080015a8   Section        0  rs485.o(i.Master_03_Slove)
    i.MemManage_Handler                      0x080015ec   Section        0  stm32f10x_it.o(i.MemManage_Handler)
    i.NMI_Handler                            0x080015f0   Section        0  stm32f10x_it.o(i.NMI_Handler)
    i.NVIC_Init                              0x080015f4   Section        0  misc.o(i.NVIC_Init)
    i.NVIC_PriorityGroupConfig               0x08001664   Section        0  misc.o(i.NVIC_PriorityGroupConfig)
    i.PendSV_Handler                         0x08001678   Section        0  stm32f10x_it.o(i.PendSV_Handler)
    i.RCC_ADCCLKConfig                       0x0800167c   Section        0  stm32f10x_rcc.o(i.RCC_ADCCLKConfig)
    i.RCC_AHBPeriphClockCmd                  0x08001694   Section        0  stm32f10x_rcc.o(i.RCC_AHBPeriphClockCmd)
    i.RCC_APB1PeriphClockCmd                 0x080016b4   Section        0  stm32f10x_rcc.o(i.RCC_APB1PeriphClockCmd)
    i.RCC_APB1PeriphResetCmd                 0x080016d4   Section        0  stm32f10x_rcc.o(i.RCC_APB1PeriphResetCmd)
    i.RCC_APB2PeriphClockCmd                 0x080016f4   Section        0  stm32f10x_rcc.o(i.RCC_APB2PeriphClockCmd)
    i.RCC_APB2PeriphResetCmd                 0x08001714   Section        0  stm32f10x_rcc.o(i.RCC_APB2PeriphResetCmd)
    i.RCC_GetClocksFreq                      0x08001734   Section        0  stm32f10x_rcc.o(i.RCC_GetClocksFreq)
    i.RS485_Init                             0x08001808   Section        0  rs485.o(i.RS485_Init)
    i.RS485_Send_Data                        0x08001950   Section        0  rs485.o(i.RS485_Send_Data)
    i.SVC_Handler                            0x080019a4   Section        0  stm32f10x_it.o(i.SVC_Handler)
    i.SetSysClock                            0x080019a6   Section        0  system_stm32f10x.o(i.SetSysClock)
    SetSysClock                              0x080019a7   Thumb Code     8  system_stm32f10x.o(i.SetSysClock)
    i.SetSysClockTo72                        0x080019b0   Section        0  system_stm32f10x.o(i.SetSysClockTo72)
    SetSysClockTo72                          0x080019b1   Thumb Code   214  system_stm32f10x.o(i.SetSysClockTo72)
    i.SysTick_CLKSourceConfig                0x08001a90   Section        0  misc.o(i.SysTick_CLKSourceConfig)
    i.SysTick_Handler                        0x08001ab8   Section        0  stm32f10x_it.o(i.SysTick_Handler)
    i.SystemInit                             0x08001abc   Section        0  system_stm32f10x.o(i.SystemInit)
    i.TIM2_IRQHandler                        0x08001b1c   Section        0  rs485.o(i.TIM2_IRQHandler)
    i.TIM6_IRQHandler                        0x08001b3c   Section        0  timer.o(i.TIM6_IRQHandler)
    i.TIM8_OPM_RCR_Init                      0x08001c28   Section        0  stepdriver.o(i.TIM8_OPM_RCR_Init)
    i.TIM8_Startup                           0x08001d08   Section        0  stepdriver.o(i.TIM8_Startup)
    i.TIM8_UP_IRQHandler                     0x08001d40   Section        0  stepdriver.o(i.TIM8_UP_IRQHandler)
    i.TIM_ARRPreloadConfig                   0x08001e30   Section        0  stm32f10x_tim.o(i.TIM_ARRPreloadConfig)
    i.TIM_ClearITPendingBit                  0x08001e48   Section        0  stm32f10x_tim.o(i.TIM_ClearITPendingBit)
    i.TIM_Cmd                                0x08001e4e   Section        0  stm32f10x_tim.o(i.TIM_Cmd)
    i.TIM_CtrlPWMOutputs                     0x08001e66   Section        0  stm32f10x_tim.o(i.TIM_CtrlPWMOutputs)
    i.TIM_GenerateEvent                      0x08001e84   Section        0  stm32f10x_tim.o(i.TIM_GenerateEvent)
    i.TIM_GetITStatus                        0x08001e88   Section        0  stm32f10x_tim.o(i.TIM_GetITStatus)
    i.TIM_ITConfig                           0x08001eaa   Section        0  stm32f10x_tim.o(i.TIM_ITConfig)
    i.TIM_OC2Init                            0x08001ebc   Section        0  stm32f10x_tim.o(i.TIM_OC2Init)
    i.TIM_OC2PreloadConfig                   0x08001f60   Section        0  stm32f10x_tim.o(i.TIM_OC2PreloadConfig)
    i.TIM_SelectOnePulseMode                 0x08001f7a   Section        0  stm32f10x_tim.o(i.TIM_SelectOnePulseMode)
    i.TIM_SetAutoreload                      0x08001f8c   Section        0  stm32f10x_tim.o(i.TIM_SetAutoreload)
    i.TIM_SetCompare2                        0x08001f90   Section        0  stm32f10x_tim.o(i.TIM_SetCompare2)
    i.TIM_SetCounter                         0x08001f94   Section        0  stm32f10x_tim.o(i.TIM_SetCounter)
    i.TIM_TimeBaseInit                       0x08001f98   Section        0  stm32f10x_tim.o(i.TIM_TimeBaseInit)
    i.TIM_TimeBaseStructInit                 0x0800203c   Section        0  stm32f10x_tim.o(i.TIM_TimeBaseStructInit)
    i.TIM_UpdateRequestConfig                0x0800204e   Section        0  stm32f10x_tim.o(i.TIM_UpdateRequestConfig)
    i.USART1_IRQHandler                      0x08002068   Section        0  main.o(i.USART1_IRQHandler)
    i.USART2_IRQHandler                      0x080020ac   Section        0  rs485.o(i.USART2_IRQHandler)
    i.USART_ClearFlag                        0x080020d4   Section        0  stm32f10x_usart.o(i.USART_ClearFlag)
    i.USART_ClearITPendingBit                0x080020e6   Section        0  stm32f10x_usart.o(i.USART_ClearITPendingBit)
    i.USART_Cmd                              0x08002104   Section        0  stm32f10x_usart.o(i.USART_Cmd)
    i.USART_GetFlagStatus                    0x0800211c   Section        0  stm32f10x_usart.o(i.USART_GetFlagStatus)
    i.USART_GetITStatus                      0x08002136   Section        0  stm32f10x_usart.o(i.USART_GetITStatus)
    i.USART_ITConfig                         0x0800218a   Section        0  stm32f10x_usart.o(i.USART_ITConfig)
    i.USART_Init                             0x080021d4   Section        0  stm32f10x_usart.o(i.USART_Init)
    i.USART_ReceiveData                      0x080022ac   Section        0  stm32f10x_usart.o(i.USART_ReceiveData)
    i.USART_SendData                         0x080022b6   Section        0  stm32f10x_usart.o(i.USART_SendData)
    i.USART_Send_String                      0x080022c0   Section        0  mbotlinuxusart.o(i.USART_Send_String)
    i.USB_LP_CAN1_RX0_IRQHandler             0x080022fc   Section        0  can.o(i.USB_LP_CAN1_RX0_IRQHandler)
    i.UsageFault_Handler                     0x08002444   Section        0  stm32f10x_it.o(i.UsageFault_Handler)
    i._sys_exit                              0x08002448   Section        0  usart.o(i._sys_exit)
    i.basic_timerInit                        0x0800244c   Section        0  timer.o(i.basic_timerInit)
    i.delay_init                             0x080024ac   Section        0  delay.o(i.delay_init)
    i.delay_ms                               0x080024f0   Section        0  delay.o(i.delay_ms)
    i.fputc                                  0x0800253c   Section        0  usart.o(i.fputc)
    i.getCrc8                                0x08002558   Section        0  mbotlinuxusart.o(i.getCrc8)
    i.main                                   0x08002590   Section        0  main.o(i.main)
    i.uart_init                              0x080026c4   Section        0  usart.o(i.uart_init)
    i.usart2ReceiveOneData                   0x08002764   Section        0  rs485.o(i.usart2ReceiveOneData)
    i.usartReceiveOneData                    0x08002890   Section        0  mbotlinuxusart.o(i.usartReceiveOneData)
    i.usartSendData                          0x08002ad8   Section        0  mbotlinuxusart.o(i.usartSendData)
    x$fpl$d2f                                0x08002bbc   Section       98  d2f.o(x$fpl$d2f)
    x$fpl$ddiv                               0x08002c20   Section      688  ddiv.o(x$fpl$ddiv)
    ddiv_entry                               0x08002c27   Thumb Code     0  ddiv.o(x$fpl$ddiv)
    x$fpl$dfix                               0x08002ed0   Section       94  dfix.o(x$fpl$dfix)
    x$fpl$dfixu                              0x08002f30   Section       90  dfixu.o(x$fpl$dfixu)
    x$fpl$dmul                               0x08002f8c   Section      340  dmul.o(x$fpl$dmul)
    x$fpl$dnaninf                            0x080030e0   Section      156  dnaninf.o(x$fpl$dnaninf)
    x$fpl$dretinf                            0x0800317c   Section       12  dretinf.o(x$fpl$dretinf)
    x$fpl$f2d                                0x08003188   Section       86  f2d.o(x$fpl$f2d)
    x$fpl$fdiv                               0x080031e0   Section      388  fdiv.o(x$fpl$fdiv)
    _fdiv1                                   0x080031e1   Thumb Code     0  fdiv.o(x$fpl$fdiv)
    x$fpl$fflt                               0x08003364   Section       48  fflt_clz.o(x$fpl$fflt)
    x$fpl$ffltu                              0x08003394   Section       38  fflt_clz.o(x$fpl$ffltu)
    x$fpl$fmul                               0x080033bc   Section      258  fmul.o(x$fpl$fmul)
    x$fpl$fnaninf                            0x080034be   Section      140  fnaninf.o(x$fpl$fnaninf)
    x$fpl$fretinf                            0x0800354a   Section       10  fretinf.o(x$fpl$fretinf)
    .constdata                               0x08003554   Section        4  mbotlinuxusart.o(.constdata)
    x$fpl$usenofp                            0x08003554   Section        0  usenofp.o(x$fpl$usenofp)
    .constdata                               0x08003558   Section      514  rs485.o(.constdata)
    s_CRCHi                                  0x0800355a   Data         256  rs485.o(.constdata)
    .data                                    0x20000000   Section       44  main.o(.data)
    .data                                    0x2000002c   Section       20  system_stm32f10x.o(.data)
    .data                                    0x20000040   Section        4  delay.o(.data)
    fac_us                                   0x20000040   Data           1  delay.o(.data)
    fac_ms                                   0x20000042   Data           2  delay.o(.data)
    .data                                    0x20000044   Section        6  usart.o(.data)
    .data                                    0x2000004a   Section       20  stm32f10x_rcc.o(.data)
    APBAHBPrescTable                         0x2000004a   Data          16  stm32f10x_rcc.o(.data)
    ADCPrescTable                            0x2000005a   Data           4  stm32f10x_rcc.o(.data)
    .data                                    0x2000005e   Section        2  timer.o(.data)
    .data                                    0x20000060   Section       44  mbotlinuxusart.o(.data)
    checkSum                                 0x2000007c   Data           1  mbotlinuxusart.o(.data)
    USARTBufferIndex                         0x2000007d   Data           1  mbotlinuxusart.o(.data)
    j                                        0x2000007e   Data           2  mbotlinuxusart.o(.data)
    k                                        0x20000080   Data           2  mbotlinuxusart.o(.data)
    USARTReceiverFront                       0x20000082   Data           1  mbotlinuxusart.o(.data)
    Start_Flag                               0x20000083   Data           1  mbotlinuxusart.o(.data)
    dataLength                               0x20000084   Data           2  mbotlinuxusart.o(.data)
    length                                   0x20000088   Data           4  mbotlinuxusart.o(.data)
    .data                                    0x2000008c   Section       38  can.o(.data)
    .data                                    0x200000b4   Section       21  stepdriver.o(.data)
    .data                                    0x200000ca   Section       14  rs485.o(.data)
    USART2BufferIndex                        0x200000d0   Data           1  rs485.o(.data)
    n                                        0x200000d2   Data           2  rs485.o(.data)
    USART2ReceiverFront                      0x200000d4   Data           1  rs485.o(.data)
    Start1_Flag                              0x200000d5   Data           1  rs485.o(.data)
    Length                                   0x200000d6   Data           2  rs485.o(.data)
    .bss                                     0x200000d8   Section       16  mbotlinuxusart.o(.bss)
    .bss                                     0x200000e8   Section      128  rs485.o(.bss)
    .bss                                     0x20000168   Section       96  libspace.o(.bss)
    HEAP                                     0x200001c8   Section      512  startup_stm32f10x_hd.o(HEAP)
    Heap_Mem                                 0x200001c8   Data         512  startup_stm32f10x_hd.o(HEAP)
    STACK                                    0x200003c8   Section     1024  startup_stm32f10x_hd.o(STACK)
    Stack_Mem                                0x200003c8   Data        1024  startup_stm32f10x_hd.o(STACK)
    __initial_sp                             0x200007c8   Data           0  startup_stm32f10x_hd.o(STACK)

    Global Symbols

    Symbol Name                              Value     Ov Type        Size  Object(Section)

    BuildAttributes$$THM_ISAv4$P$D$K$B$S$PE$A:L22UL41UL21$X:L11$S22US41US21$IEEE1$IW$USESV6$~STKCKD$USESV7$~SHL$OSPACE$ROPI$EBA8$UX$STANDARDLIB$REQ8$PRES8$EABIv2 0x00000000   Number         0  anon$$obj.o ABSOLUTE
    __ARM_use_no_argv                        0x00000000   Number         0  main.o ABSOLUTE
    _printf_flags                            0x00000000   Number         0  printf_stubs.o ABSOLUTE
    _printf_return_value                     0x00000000   Number         0  printf_stubs.o ABSOLUTE
    _printf_sizespec                         0x00000000   Number         0  printf_stubs.o ABSOLUTE
    _printf_widthprec                        0x00000000   Number         0  printf_stubs.o ABSOLUTE
    __ARM_exceptions_init                     - Undefined Weak Reference
    __alloca_initialize                       - Undefined Weak Reference
    __arm_preinit_                            - Undefined Weak Reference
    __cpp_initialize__aeabi_                  - Undefined Weak Reference
    __cxa_finalize                            - Undefined Weak Reference
    __rt_locale                               - Undefined Weak Reference
    __sigvec_lookup                           - Undefined Weak Reference
    _atexit_init                              - Undefined Weak Reference
    _call_atexit_fns                          - Undefined Weak Reference
    _clock_init                               - Undefined Weak Reference
    _fp_trap_init                             - Undefined Weak Reference
    _fp_trap_shutdown                         - Undefined Weak Reference
    _get_lc_collate                           - Undefined Weak Reference
    _get_lc_ctype                             - Undefined Weak Reference
    _get_lc_monetary                          - Undefined Weak Reference
    _get_lc_numeric                           - Undefined Weak Reference
    _get_lc_time                              - Undefined Weak Reference
    _getenv_init                              - Undefined Weak Reference
    _handle_redirection                       - Undefined Weak Reference
    _init_alloc                               - Undefined Weak Reference
    _init_user_alloc                          - Undefined Weak Reference
    _initio                                   - Undefined Weak Reference
    _mutex_acquire                            - Undefined Weak Reference
    _mutex_release                            - Undefined Weak Reference
    _printf_post_padding                      - Undefined Weak Reference
    _printf_pre_padding                       - Undefined Weak Reference
    _printf_truncate_signed                   - Undefined Weak Reference
    _printf_truncate_unsigned                 - Undefined Weak Reference
    _rand_init                                - Undefined Weak Reference
    _signal_finish                            - Undefined Weak Reference
    _signal_init                              - Undefined Weak Reference
    _terminate_alloc                          - Undefined Weak Reference
    _terminate_user_alloc                     - Undefined Weak Reference
    _terminateio                              - Undefined Weak Reference
    __Vectors_Size                           0x00000130   Number         0  startup_stm32f10x_hd.o ABSOLUTE
    __Vectors                                0x08000000   Data           4  startup_stm32f10x_hd.o(RESET)
    __Vectors_End                            0x08000130   Data           0  startup_stm32f10x_hd.o(RESET)
    __main                                   0x08000131   Thumb Code     8  __main.o(!!!main)
    __scatterload                            0x08000139   Thumb Code     0  __scatter.o(!!!scatter)
    __scatterload_rt2                        0x08000139   Thumb Code    44  __scatter.o(!!!scatter)
    __scatterload_rt2_thumb_only             0x08000139   Thumb Code     0  __scatter.o(!!!scatter)
    __scatterload_null                       0x08000147   Thumb Code     0  __scatter.o(!!!scatter)
    __scatterload_copy                       0x0800016d   Thumb Code    26  __scatter_copy.o(!!handler_copy)
    __scatterload_zeroinit                   0x08000189   Thumb Code    28  __scatter_zi.o(!!handler_zi)
    _printf_d                                0x080001a5   Thumb Code     0  _printf_d.o(.ARM.Collect$$_printf_percent$$00000009)
    _printf_percent                          0x080001a5   Thumb Code     0  _printf_percent.o(.ARM.Collect$$_printf_percent$$00000000)
    _printf_percent_end                      0x080001ab   Thumb Code     0  _printf_percent_end.o(.ARM.Collect$$_printf_percent$$00000017)
    __rt_lib_init                            0x080001af   Thumb Code     0  libinit.o(.ARM.Collect$$libinit$$00000000)
    __rt_lib_init_alloca_1                   0x080001b1   Thumb Code     0  libinit2.o(.ARM.Collect$$libinit$$0000002E)
    __rt_lib_init_argv_1                     0x080001b1   Thumb Code     0  libinit2.o(.ARM.Collect$$libinit$$0000002C)
    __rt_lib_init_atexit_1                   0x080001b1   Thumb Code     0  libinit2.o(.ARM.Collect$$libinit$$0000001B)
    __rt_lib_init_clock_1                    0x080001b1   Thumb Code     0  libinit2.o(.ARM.Collect$$libinit$$00000021)
    __rt_lib_init_cpp_1                      0x080001b1   Thumb Code     0  libinit2.o(.ARM.Collect$$libinit$$00000032)
    __rt_lib_init_exceptions_1               0x080001b1   Thumb Code     0  libinit2.o(.ARM.Collect$$libinit$$00000030)
    __rt_lib_init_fp_1                       0x080001b1   Thumb Code     0  libinit2.o(.ARM.Collect$$libinit$$00000002)
    __rt_lib_init_fp_trap_1                  0x080001b1   Thumb Code     0  libinit2.o(.ARM.Collect$$libinit$$0000001F)
    __rt_lib_init_getenv_1                   0x080001b1   Thumb Code     0  libinit2.o(.ARM.Collect$$libinit$$00000023)
    __rt_lib_init_heap_1                     0x080001b1   Thumb Code     0  libinit2.o(.ARM.Collect$$libinit$$0000000A)
    __rt_lib_init_lc_collate_1               0x080001b1   Thumb Code     0  libinit2.o(.ARM.Collect$$libinit$$00000011)
    __rt_lib_init_lc_ctype_1                 0x080001b1   Thumb Code     0  libinit2.o(.ARM.Collect$$libinit$$00000013)
    __rt_lib_init_lc_monetary_1              0x080001b1   Thumb Code     0  libinit2.o(.ARM.Collect$$libinit$$00000015)
    __rt_lib_init_lc_numeric_1               0x080001b1   Thumb Code     0  libinit2.o(.ARM.Collect$$libinit$$00000017)
    __rt_lib_init_lc_time_1                  0x080001b1   Thumb Code     0  libinit2.o(.ARM.Collect$$libinit$$00000019)
    __rt_lib_init_preinit_1                  0x080001b1   Thumb Code     0  libinit2.o(.ARM.Collect$$libinit$$00000004)
    __rt_lib_init_rand_1                     0x080001b1   Thumb Code     0  libinit2.o(.ARM.Collect$$libinit$$0000000E)
    __rt_lib_init_return                     0x080001b1   Thumb Code     0  libinit2.o(.ARM.Collect$$libinit$$00000033)
    __rt_lib_init_signal_1                   0x080001b1   Thumb Code     0  libinit2.o(.ARM.Collect$$libinit$$0000001D)
    __rt_lib_init_stdio_1                    0x080001b1   Thumb Code     0  libinit2.o(.ARM.Collect$$libinit$$00000025)
    __rt_lib_init_user_alloc_1               0x080001b1   Thumb Code     0  libinit2.o(.ARM.Collect$$libinit$$0000000C)
    __rt_lib_shutdown                        0x080001b3   Thumb Code     0  libshutdown.o(.ARM.Collect$$libshutdown$$00000000)
    __rt_lib_shutdown_cpp_1                  0x080001b5   Thumb Code     0  libshutdown2.o(.ARM.Collect$$libshutdown$$00000002)
    __rt_lib_shutdown_fp_trap_1              0x080001b5   Thumb Code     0  libshutdown2.o(.ARM.Collect$$libshutdown$$00000007)
    __rt_lib_shutdown_heap_1                 0x080001b5   Thumb Code     0  libshutdown2.o(.ARM.Collect$$libshutdown$$0000000F)
    __rt_lib_shutdown_return                 0x080001b5   Thumb Code     0  libshutdown2.o(.ARM.Collect$$libshutdown$$00000010)
    __rt_lib_shutdown_signal_1               0x080001b5   Thumb Code     0  libshutdown2.o(.ARM.Collect$$libshutdown$$0000000A)
    __rt_lib_shutdown_stdio_1                0x080001b5   Thumb Code     0  libshutdown2.o(.ARM.Collect$$libshutdown$$00000004)
    __rt_lib_shutdown_user_alloc_1           0x080001b5   Thumb Code     0  libshutdown2.o(.ARM.Collect$$libshutdown$$0000000C)
    __rt_entry                               0x080001b7   Thumb Code     0  __rtentry.o(.ARM.Collect$$rtentry$$00000000)
    __rt_entry_presh_1                       0x080001b7   Thumb Code     0  __rtentry2.o(.ARM.Collect$$rtentry$$00000002)
    __rt_entry_sh                            0x080001b7   Thumb Code     0  __rtentry4.o(.ARM.Collect$$rtentry$$00000004)
    __rt_entry_li                            0x080001bd   Thumb Code     0  __rtentry2.o(.ARM.Collect$$rtentry$$0000000A)
    __rt_entry_postsh_1                      0x080001bd   Thumb Code     0  __rtentry2.o(.ARM.Collect$$rtentry$$00000009)
    __rt_entry_main                          0x080001c1   Thumb Code     0  __rtentry2.o(.ARM.Collect$$rtentry$$0000000D)
    __rt_entry_postli_1                      0x080001c1   Thumb Code     0  __rtentry2.o(.ARM.Collect$$rtentry$$0000000C)
    __rt_exit                                0x080001c9   Thumb Code     0  rtexit.o(.ARM.Collect$$rtexit$$00000000)
    __rt_exit_ls                             0x080001cb   Thumb Code     0  rtexit2.o(.ARM.Collect$$rtexit$$00000003)
    __rt_exit_prels_1                        0x080001cb   Thumb Code     0  rtexit2.o(.ARM.Collect$$rtexit$$00000002)
    __rt_exit_exit                           0x080001cf   Thumb Code     0  rtexit2.o(.ARM.Collect$$rtexit$$00000004)
    Reset_Handler                            0x080001d5   Thumb Code     8  startup_stm32f10x_hd.o(.text)
    ADC1_2_IRQHandler                        0x080001ef   Thumb Code     0  startup_stm32f10x_hd.o(.text)
    ADC3_IRQHandler                          0x080001ef   Thumb Code     0  startup_stm32f10x_hd.o(.text)
    CAN1_RX1_IRQHandler                      0x080001ef   Thumb Code     0  startup_stm32f10x_hd.o(.text)
    CAN1_SCE_IRQHandler                      0x080001ef   Thumb Code     0  startup_stm32f10x_hd.o(.text)
    DMA1_Channel1_IRQHandler                 0x080001ef   Thumb Code     0  startup_stm32f10x_hd.o(.text)
    DMA1_Channel2_IRQHandler                 0x080001ef   Thumb Code     0  startup_stm32f10x_hd.o(.text)
    DMA1_Channel3_IRQHandler                 0x080001ef   Thumb Code     0  startup_stm32f10x_hd.o(.text)
    DMA1_Channel4_IRQHandler                 0x080001ef   Thumb Code     0  startup_stm32f10x_hd.o(.text)
    DMA1_Channel5_IRQHandler                 0x080001ef   Thumb Code     0  startup_stm32f10x_hd.o(.text)
    DMA1_Channel6_IRQHandler                 0x080001ef   Thumb Code     0  startup_stm32f10x_hd.o(.text)
    DMA1_Channel7_IRQHandler                 0x080001ef   Thumb Code     0  startup_stm32f10x_hd.o(.text)
    DMA2_Channel1_IRQHandler                 0x080001ef   Thumb Code     0  startup_stm32f10x_hd.o(.text)
    DMA2_Channel2_IRQHandler                 0x080001ef   Thumb Code     0  startup_stm32f10x_hd.o(.text)
    DMA2_Channel3_IRQHandler                 0x080001ef   Thumb Code     0  startup_stm32f10x_hd.o(.text)
    DMA2_Channel4_5_IRQHandler               0x080001ef   Thumb Code     0  startup_stm32f10x_hd.o(.text)
    EXTI15_10_IRQHandler                     0x080001ef   Thumb Code     0  startup_stm32f10x_hd.o(.text)
    EXTI1_IRQHandler                         0x080001ef   Thumb Code     0  startup_stm32f10x_hd.o(.text)
    EXTI2_IRQHandler                         0x080001ef   Thumb Code     0  startup_stm32f10x_hd.o(.text)
    EXTI9_5_IRQHandler                       0x080001ef   Thumb Code     0  startup_stm32f10x_hd.o(.text)
    FLASH_IRQHandler                         0x080001ef   Thumb Code     0  startup_stm32f10x_hd.o(.text)
    FSMC_IRQHandler                          0x080001ef   Thumb Code     0  startup_stm32f10x_hd.o(.text)
    I2C1_ER_IRQHandler                       0x080001ef   Thumb Code     0  startup_stm32f10x_hd.o(.text)
    I2C1_EV_IRQHandler                       0x080001ef   Thumb Code     0  startup_stm32f10x_hd.o(.text)
    I2C2_ER_IRQHandler                       0x080001ef   Thumb Code     0  startup_stm32f10x_hd.o(.text)
    I2C2_EV_IRQHandler                       0x080001ef   Thumb Code     0  startup_stm32f10x_hd.o(.text)
    PVD_IRQHandler                           0x080001ef   Thumb Code     0  startup_stm32f10x_hd.o(.text)
    RCC_IRQHandler                           0x080001ef   Thumb Code     0  startup_stm32f10x_hd.o(.text)
    RTCAlarm_IRQHandler                      0x080001ef   Thumb Code     0  startup_stm32f10x_hd.o(.text)
    RTC_IRQHandler                           0x080001ef   Thumb Code     0  startup_stm32f10x_hd.o(.text)
    SDIO_IRQHandler                          0x080001ef   Thumb Code     0  startup_stm32f10x_hd.o(.text)
    SPI1_IRQHandler                          0x080001ef   Thumb Code     0  startup_stm32f10x_hd.o(.text)
    SPI2_IRQHandler                          0x080001ef   Thumb Code     0  startup_stm32f10x_hd.o(.text)
    SPI3_IRQHandler                          0x080001ef   Thumb Code     0  startup_stm32f10x_hd.o(.text)
    TAMPER_IRQHandler                        0x080001ef   Thumb Code     0  startup_stm32f10x_hd.o(.text)
    TIM1_BRK_IRQHandler                      0x080001ef   Thumb Code     0  startup_stm32f10x_hd.o(.text)
    TIM1_CC_IRQHandler                       0x080001ef   Thumb Code     0  startup_stm32f10x_hd.o(.text)
    TIM1_TRG_COM_IRQHandler                  0x080001ef   Thumb Code     0  startup_stm32f10x_hd.o(.text)
    TIM1_UP_IRQHandler                       0x080001ef   Thumb Code     0  startup_stm32f10x_hd.o(.text)
    TIM3_IRQHandler                          0x080001ef   Thumb Code     0  startup_stm32f10x_hd.o(.text)
    TIM4_IRQHandler                          0x080001ef   Thumb Code     0  startup_stm32f10x_hd.o(.text)
    TIM5_IRQHandler                          0x080001ef   Thumb Code     0  startup_stm32f10x_hd.o(.text)
    TIM7_IRQHandler                          0x080001ef   Thumb Code     0  startup_stm32f10x_hd.o(.text)
    TIM8_BRK_IRQHandler                      0x080001ef   Thumb Code     0  startup_stm32f10x_hd.o(.text)
    TIM8_CC_IRQHandler                       0x080001ef   Thumb Code     0  startup_stm32f10x_hd.o(.text)
    TIM8_TRG_COM_IRQHandler                  0x080001ef   Thumb Code     0  startup_stm32f10x_hd.o(.text)
    UART4_IRQHandler                         0x080001ef   Thumb Code     0  startup_stm32f10x_hd.o(.text)
    UART5_IRQHandler                         0x080001ef   Thumb Code     0  startup_stm32f10x_hd.o(.text)
    USART3_IRQHandler                        0x080001ef   Thumb Code     0  startup_stm32f10x_hd.o(.text)
    USBWakeUp_IRQHandler                     0x080001ef   Thumb Code     0  startup_stm32f10x_hd.o(.text)
    USB_HP_CAN1_TX_IRQHandler                0x080001ef   Thumb Code     0  startup_stm32f10x_hd.o(.text)
    WWDG_IRQHandler                          0x080001ef   Thumb Code     0  startup_stm32f10x_hd.o(.text)
    __user_initial_stackheap                 0x080001f1   Thumb Code     0  startup_stm32f10x_hd.o(.text)
    __use_no_semihosting                     0x08000215   Thumb Code     2  use_no_semi_2.o(.text)
    __2printf                                0x08000219   Thumb Code    20  noretval__2printf.o(.text)
    _printf_int_dec                          0x08000231   Thumb Code   104  _printf_dec.o(.text)
    __printf                                 0x080002a9   Thumb Code   184  __printf_ss.o(.text)
    __aeabi_memclr4                          0x08000361   Thumb Code     0  rt_memclr_w.o(.text)
    __aeabi_memclr8                          0x08000361   Thumb Code     0  rt_memclr_w.o(.text)
    __rt_memclr_w                            0x08000361   Thumb Code    78  rt_memclr_w.o(.text)
    _memset_w                                0x08000365   Thumb Code     0  rt_memclr_w.o(.text)
    __use_two_region_memory                  0x080003af   Thumb Code     2  heapauxi.o(.text)
    __rt_heap_escrow$2region                 0x080003b1   Thumb Code     2  heapauxi.o(.text)
    __rt_heap_expand$2region                 0x080003b3   Thumb Code     2  heapauxi.o(.text)
    __I$use$semihosting                      0x080003b5   Thumb Code     0  use_no_semi.o(.text)
    __use_no_semihosting_swi                 0x080003b5   Thumb Code     2  use_no_semi.o(.text)
    _printf_int_common                       0x080003b7   Thumb Code   178  _printf_intcommon.o(.text)
    _printf_char_file                        0x08000469   Thumb Code    32  _printf_char_file.o(.text)
    _printf_char_common                      0x08000497   Thumb Code    32  _printf_char_common.o(.text)
    ferror                                   0x080004bd   Thumb Code     8  ferror.o(.text)
    __user_setup_stackheap                   0x080004c5   Thumb Code    74  sys_stackheap_outer.o(.text)
    exit                                     0x0800050f   Thumb Code    18  exit.o(.text)
    __user_libspace                          0x08000521   Thumb Code     8  libspace.o(.text)
    __user_perproc_libspace                  0x08000521   Thumb Code     0  libspace.o(.text)
    __user_perthread_libspace                0x08000521   Thumb Code     0  libspace.o(.text)
    ADC_Cmd                                  0x08000529   Thumb Code    22  stm32f10x_adc.o(i.ADC_Cmd)
    ADC_DMACmd                               0x0800053f   Thumb Code    22  stm32f10x_adc.o(i.ADC_DMACmd)
    ADC_DeInit                               0x08000555   Thumb Code    78  stm32f10x_adc.o(i.ADC_DeInit)
    ADC_GetCalibrationStatus                 0x080005b1   Thumb Code    20  stm32f10x_adc.o(i.ADC_GetCalibrationStatus)
    ADC_GetResetCalibrationStatus            0x080005c5   Thumb Code    20  stm32f10x_adc.o(i.ADC_GetResetCalibrationStatus)
    ADC_Init                                 0x080005d9   Thumb Code    70  stm32f10x_adc.o(i.ADC_Init)
    ADC_RegularChannelConfig                 0x08000629   Thumb Code   184  stm32f10x_adc.o(i.ADC_RegularChannelConfig)
    ADC_ResetCalibration                     0x080006e1   Thumb Code    10  stm32f10x_adc.o(i.ADC_ResetCalibration)
    ADC_SoftwareStartConvCmd                 0x080006eb   Thumb Code    22  stm32f10x_adc.o(i.ADC_SoftwareStartConvCmd)
    ADC_StartCalibration                     0x08000701   Thumb Code    10  stm32f10x_adc.o(i.ADC_StartCalibration)
    Adc_Init                                 0x0800070d   Thumb Code   236  adc.o(i.Adc_Init)
    BEBufToUint16                            0x08000801   Thumb Code    12  rs485.o(i.BEBufToUint16)
    BusFault_Handler                         0x0800080d   Thumb Code     4  stm32f10x_it.o(i.BusFault_Handler)
    CAN_FilterInit                           0x08000811   Thumb Code   258  stm32f10x_can.o(i.CAN_FilterInit)
    CAN_ITConfig                             0x08000919   Thumb Code    18  stm32f10x_can.o(i.CAN_ITConfig)
    CAN_Init                                 0x0800092b   Thumb Code   276  stm32f10x_can.o(i.CAN_Init)
    CAN_Mode_Init                            0x08000a41   Thumb Code   240  can.o(i.CAN_Mode_Init)
    CAN_Receive                              0x08000b39   Thumb Code   240  stm32f10x_can.o(i.CAN_Receive)
    CRC_Compute                              0x08000c29   Thumb Code    48  rs485.o(i.CRC_Compute)
    DAC_Cmd                                  0x08000c61   Thumb Code    34  stm32f10x_dac.o(i.DAC_Cmd)
    DAC_Init                                 0x08000c89   Thumb Code    46  stm32f10x_dac.o(i.DAC_Init)
    DAC_SetChannel1Data                      0x08000cbd   Thumb Code    26  stm32f10x_dac.o(i.DAC_SetChannel1Data)
    DIR_Init                                 0x08000cdd   Thumb Code    56  dir_gpio.o(i.DIR_Init)
    DMA_Cmd                                  0x08000d19   Thumb Code    24  stm32f10x_dma.o(i.DMA_Cmd)
    DMA_DeInit                               0x08000d31   Thumb Code   324  stm32f10x_dma.o(i.DMA_DeInit)
    DMA_Init                                 0x08000e7d   Thumb Code    60  stm32f10x_dma.o(i.DMA_Init)
    Dac1_Init                                0x08000eb9   Thumb Code    94  dac.o(i.Dac1_Init)
    DebugMon_Handler                         0x08000f1d   Thumb Code     2  stm32f10x_it.o(i.DebugMon_Handler)
    Driver_Init                              0x08000f21   Thumb Code    54  stepdriver.o(i.Driver_Init)
    EXTI0_IRQHandler                         0x08000f5d   Thumb Code    56  exti.o(i.EXTI0_IRQHandler)
    EXTI3_IRQHandler                         0x08000fa1   Thumb Code    38  exti.o(i.EXTI3_IRQHandler)
    EXTI4_IRQHandler                         0x08000fd5   Thumb Code    80  exti.o(i.EXTI4_IRQHandler)
    EXTIX_Init                               0x08001039   Thumb Code   228  exti.o(i.EXTIX_Init)
    EXTI_ClearITPendingBit                   0x0800111d   Thumb Code     6  stm32f10x_exti.o(i.EXTI_ClearITPendingBit)
    EXTI_GetITStatus                         0x08001129   Thumb Code    34  stm32f10x_exti.o(i.EXTI_GetITStatus)
    EXTI_Init                                0x08001151   Thumb Code   142  stm32f10x_exti.o(i.EXTI_Init)
    GPIO_EXTILineConfig                      0x080011e5   Thumb Code    60  stm32f10x_gpio.o(i.GPIO_EXTILineConfig)
    GPIO_Init                                0x08001225   Thumb Code   278  stm32f10x_gpio.o(i.GPIO_Init)
    GPIO_ReadInputDataBit                    0x0800133b   Thumb Code    18  stm32f10x_gpio.o(i.GPIO_ReadInputDataBit)
    GPIO_ResetBits                           0x0800134d   Thumb Code     4  stm32f10x_gpio.o(i.GPIO_ResetBits)
    GPIO_SetBits                             0x08001351   Thumb Code     4  stm32f10x_gpio.o(i.GPIO_SetBits)
    HardFault_Handler                        0x08001355   Thumb Code     4  stm32f10x_it.o(i.HardFault_Handler)
    KEY_Init                                 0x08001359   Thumb Code    52  key.o(i.KEY_Init)
    LED_Init                                 0x08001395   Thumb Code    68  led.o(i.LED_Init)
    Locate_Abs                               0x080013e1   Thumb Code   166  stepdriver.o(i.Locate_Abs)
    Locate_AbsAng                            0x080014ad   Thumb Code   204  stepdriver.o(i.Locate_AbsAng)
    Master_03_Slove                          0x080015a9   Thumb Code    62  rs485.o(i.Master_03_Slove)
    MemManage_Handler                        0x080015ed   Thumb Code     4  stm32f10x_it.o(i.MemManage_Handler)
    NMI_Handler                              0x080015f1   Thumb Code     2  stm32f10x_it.o(i.NMI_Handler)
    NVIC_Init                                0x080015f5   Thumb Code   100  misc.o(i.NVIC_Init)
    NVIC_PriorityGroupConfig                 0x08001665   Thumb Code    10  misc.o(i.NVIC_PriorityGroupConfig)
    PendSV_Handler                           0x08001679   Thumb Code     2  stm32f10x_it.o(i.PendSV_Handler)
    RCC_ADCCLKConfig                         0x0800167d   Thumb Code    18  stm32f10x_rcc.o(i.RCC_ADCCLKConfig)
    RCC_AHBPeriphClockCmd                    0x08001695   Thumb Code    26  stm32f10x_rcc.o(i.RCC_AHBPeriphClockCmd)
    RCC_APB1PeriphClockCmd                   0x080016b5   Thumb Code    26  stm32f10x_rcc.o(i.RCC_APB1PeriphClockCmd)
    RCC_APB1PeriphResetCmd                   0x080016d5   Thumb Code    26  stm32f10x_rcc.o(i.RCC_APB1PeriphResetCmd)
    RCC_APB2PeriphClockCmd                   0x080016f5   Thumb Code    26  stm32f10x_rcc.o(i.RCC_APB2PeriphClockCmd)
    RCC_APB2PeriphResetCmd                   0x08001715   Thumb Code    26  stm32f10x_rcc.o(i.RCC_APB2PeriphResetCmd)
    RCC_GetClocksFreq                        0x08001735   Thumb Code   192  stm32f10x_rcc.o(i.RCC_GetClocksFreq)
    RS485_Init                               0x08001809   Thumb Code   308  rs485.o(i.RS485_Init)
    RS485_Send_Data                          0x08001951   Thumb Code    72  rs485.o(i.RS485_Send_Data)
    SVC_Handler                              0x080019a5   Thumb Code     2  stm32f10x_it.o(i.SVC_Handler)
    SysTick_CLKSourceConfig                  0x08001a91   Thumb Code    40  misc.o(i.SysTick_CLKSourceConfig)
    SysTick_Handler                          0x08001ab9   Thumb Code     2  stm32f10x_it.o(i.SysTick_Handler)
    SystemInit                               0x08001abd   Thumb Code    78  system_stm32f10x.o(i.SystemInit)
    TIM2_IRQHandler                          0x08001b1d   Thumb Code    32  rs485.o(i.TIM2_IRQHandler)
    TIM6_IRQHandler                          0x08001b3d   Thumb Code   192  timer.o(i.TIM6_IRQHandler)
    TIM8_OPM_RCR_Init                        0x08001c29   Thumb Code   216  stepdriver.o(i.TIM8_OPM_RCR_Init)
    TIM8_Startup                             0x08001d09   Thumb Code    48  stepdriver.o(i.TIM8_Startup)
    TIM8_UP_IRQHandler                       0x08001d41   Thumb Code   198  stepdriver.o(i.TIM8_UP_IRQHandler)
    TIM_ARRPreloadConfig                     0x08001e31   Thumb Code    24  stm32f10x_tim.o(i.TIM_ARRPreloadConfig)
    TIM_ClearITPendingBit                    0x08001e49   Thumb Code     6  stm32f10x_tim.o(i.TIM_ClearITPendingBit)
    TIM_Cmd                                  0x08001e4f   Thumb Code    24  stm32f10x_tim.o(i.TIM_Cmd)
    TIM_CtrlPWMOutputs                       0x08001e67   Thumb Code    30  stm32f10x_tim.o(i.TIM_CtrlPWMOutputs)
    TIM_GenerateEvent                        0x08001e85   Thumb Code     4  stm32f10x_tim.o(i.TIM_GenerateEvent)
    TIM_GetITStatus                          0x08001e89   Thumb Code    34  stm32f10x_tim.o(i.TIM_GetITStatus)
    TIM_ITConfig                             0x08001eab   Thumb Code    18  stm32f10x_tim.o(i.TIM_ITConfig)
    TIM_OC2Init                              0x08001ebd   Thumb Code   154  stm32f10x_tim.o(i.TIM_OC2Init)
    TIM_OC2PreloadConfig                     0x08001f61   Thumb Code    26  stm32f10x_tim.o(i.TIM_OC2PreloadConfig)
    TIM_SelectOnePulseMode                   0x08001f7b   Thumb Code    18  stm32f10x_tim.o(i.TIM_SelectOnePulseMode)
    TIM_SetAutoreload                        0x08001f8d   Thumb Code     4  stm32f10x_tim.o(i.TIM_SetAutoreload)
    TIM_SetCompare2                          0x08001f91   Thumb Code     4  stm32f10x_tim.o(i.TIM_SetCompare2)
    TIM_SetCounter                           0x08001f95   Thumb Code     4  stm32f10x_tim.o(i.TIM_SetCounter)
    TIM_TimeBaseInit                         0x08001f99   Thumb Code   122  stm32f10x_tim.o(i.TIM_TimeBaseInit)
    TIM_TimeBaseStructInit                   0x0800203d   Thumb Code    18  stm32f10x_tim.o(i.TIM_TimeBaseStructInit)
    TIM_UpdateRequestConfig                  0x0800204f   Thumb Code    24  stm32f10x_tim.o(i.TIM_UpdateRequestConfig)
    USART1_IRQHandler                        0x08002069   Thumb Code    42  main.o(i.USART1_IRQHandler)
    USART2_IRQHandler                        0x080020ad   Thumb Code    32  rs485.o(i.USART2_IRQHandler)
    USART_ClearFlag                          0x080020d5   Thumb Code    18  stm32f10x_usart.o(i.USART_ClearFlag)
    USART_ClearITPendingBit                  0x080020e7   Thumb Code    30  stm32f10x_usart.o(i.USART_ClearITPendingBit)
    USART_Cmd                                0x08002105   Thumb Code    24  stm32f10x_usart.o(i.USART_Cmd)
    USART_GetFlagStatus                      0x0800211d   Thumb Code    26  stm32f10x_usart.o(i.USART_GetFlagStatus)
    USART_GetITStatus                        0x08002137   Thumb Code    84  stm32f10x_usart.o(i.USART_GetITStatus)
    USART_ITConfig                           0x0800218b   Thumb Code    74  stm32f10x_usart.o(i.USART_ITConfig)
    USART_Init                               0x080021d5   Thumb Code   210  stm32f10x_usart.o(i.USART_Init)
    USART_ReceiveData                        0x080022ad   Thumb Code    10  stm32f10x_usart.o(i.USART_ReceiveData)
    USART_SendData                           0x080022b7   Thumb Code     8  stm32f10x_usart.o(i.USART_SendData)
    USART_Send_String                        0x080022c1   Thumb Code    52  mbotlinuxusart.o(i.USART_Send_String)
    USB_LP_CAN1_RX0_IRQHandler               0x080022fd   Thumb Code   278  can.o(i.USB_LP_CAN1_RX0_IRQHandler)
    UsageFault_Handler                       0x08002445   Thumb Code     4  stm32f10x_it.o(i.UsageFault_Handler)
    _sys_exit                                0x08002449   Thumb Code     4  usart.o(i._sys_exit)
    basic_timerInit                          0x0800244d   Thumb Code    90  timer.o(i.basic_timerInit)
    delay_init                               0x080024ad   Thumb Code    50  delay.o(i.delay_init)
    delay_ms                                 0x080024f1   Thumb Code    72  delay.o(i.delay_ms)
    fputc                                    0x0800253d   Thumb Code    24  usart.o(i.fputc)
    getCrc8                                  0x08002559   Thumb Code    56  mbotlinuxusart.o(i.getCrc8)
    main                                     0x08002591   Thumb Code   236  main.o(i.main)
    uart_init                                0x080026c5   Thumb Code   152  usart.o(i.uart_init)
    usart2ReceiveOneData                     0x08002765   Thumb Code   264  rs485.o(i.usart2ReceiveOneData)
    usartReceiveOneData                      0x08002891   Thumb Code   494  mbotlinuxusart.o(i.usartReceiveOneData)
    usartSendData                            0x08002ad9   Thumb Code   200  mbotlinuxusart.o(i.usartSendData)
    __aeabi_d2f                              0x08002bbd   Thumb Code     0  d2f.o(x$fpl$d2f)
    _d2f                                     0x08002bbd   Thumb Code    98  d2f.o(x$fpl$d2f)
    __aeabi_ddiv                             0x08002c21   Thumb Code     0  ddiv.o(x$fpl$ddiv)
    _ddiv                                    0x08002c21   Thumb Code   552  ddiv.o(x$fpl$ddiv)
    __aeabi_d2iz                             0x08002ed1   Thumb Code     0  dfix.o(x$fpl$dfix)
    _dfix                                    0x08002ed1   Thumb Code    94  dfix.o(x$fpl$dfix)
    __aeabi_d2uiz                            0x08002f31   Thumb Code     0  dfixu.o(x$fpl$dfixu)
    _dfixu                                   0x08002f31   Thumb Code    90  dfixu.o(x$fpl$dfixu)
    __aeabi_dmul                             0x08002f8d   Thumb Code     0  dmul.o(x$fpl$dmul)
    _dmul                                    0x08002f8d   Thumb Code   332  dmul.o(x$fpl$dmul)
    __fpl_dnaninf                            0x080030e1   Thumb Code   156  dnaninf.o(x$fpl$dnaninf)
    __fpl_dretinf                            0x0800317d   Thumb Code    12  dretinf.o(x$fpl$dretinf)
    __aeabi_f2d                              0x08003189   Thumb Code     0  f2d.o(x$fpl$f2d)
    _f2d                                     0x08003189   Thumb Code    86  f2d.o(x$fpl$f2d)
    __aeabi_fdiv                             0x080031e1   Thumb Code     0  fdiv.o(x$fpl$fdiv)
    _fdiv                                    0x080031e1   Thumb Code   384  fdiv.o(x$fpl$fdiv)
    __aeabi_i2f                              0x08003365   Thumb Code     0  fflt_clz.o(x$fpl$fflt)
    _fflt                                    0x08003365   Thumb Code    48  fflt_clz.o(x$fpl$fflt)
    __aeabi_ui2f                             0x08003395   Thumb Code     0  fflt_clz.o(x$fpl$ffltu)
    _ffltu                                   0x08003395   Thumb Code    38  fflt_clz.o(x$fpl$ffltu)
    __aeabi_fmul                             0x080033bd   Thumb Code     0  fmul.o(x$fpl$fmul)
    _fmul                                    0x080033bd   Thumb Code   258  fmul.o(x$fpl$fmul)
    __fpl_fnaninf                            0x080034bf   Thumb Code   140  fnaninf.o(x$fpl$fnaninf)
    __fpl_fretinf                            0x0800354b   Thumb Code    10  fretinf.o(x$fpl$fretinf)
    __I$use$fp                               0x08003554   Number         0  usenofp.o(x$fpl$usenofp)
    header                                   0x08003554   Data           2  mbotlinuxusart.o(.constdata)
    ender                                    0x08003556   Data           2  mbotlinuxusart.o(.constdata)
    MDheader                                 0x08003558   Data           2  rs485.o(.constdata)
    s_CRCLo                                  0x0800365a   Data         256  rs485.o(.constdata)
    Region$$Table$$Base                      0x0800375c   Number         0  anon$$obj.o(Region$$Table)
    Region$$Table$$Limit                     0x0800377c   Number         0  anon$$obj.o(Region$$Table)
    thr_val                                  0x20000000   Data           4  main.o(.data)
    brk_ang                                  0x20000004   Data           4  main.o(.data)
    fr_ang                                   0x20000008   Data           4  main.o(.data)
    re_ang                                   0x2000000c   Data           4  main.o(.data)
    ctrlflag                                 0x20000010   Data           1  main.o(.data)
    ThrVol                                   0x20000014   Data           4  main.o(.data)
    BrkAng                                   0x20000018   Data           4  main.o(.data)
    FrAng                                    0x2000001c   Data           4  main.o(.data)
    ReAng                                    0x20000020   Data           4  main.o(.data)
    VehSpeed                                 0x20000024   Data           4  main.o(.data)
    receflag                                 0x20000028   Data           1  main.o(.data)
    adc_ConvertValue                         0x2000002a   Data           2  main.o(.data)
    SystemCoreClock                          0x2000002c   Data           4  system_stm32f10x.o(.data)
    AHBPrescTable                            0x20000030   Data          16  system_stm32f10x.o(.data)
    __stdout                                 0x20000044   Data           4  usart.o(.data)
    USART_RX_STA                             0x20000048   Data           2  usart.o(.data)
    adc_Voltage                              0x2000005e   Data           2  timer.o(.data)
    SpeedNow                                 0x20000060   Data           4  mbotlinuxusart.o(.data)
    AccxNow                                  0x20000064   Data           4  mbotlinuxusart.o(.data)
    AccyNow                                  0x20000068   Data           4  mbotlinuxusart.o(.data)
    Yaw_rateNow                              0x2000006c   Data           4  mbotlinuxusart.o(.data)
    YawNow                                   0x20000070   Data           4  mbotlinuxusart.o(.data)
    throttleSet                              0x20000074   Data           2  mbotlinuxusart.o(.data)
    BrakeSet                                 0x20000076   Data           2  mbotlinuxusart.o(.data)
    FrontAngSet                              0x20000078   Data           2  mbotlinuxusart.o(.data)
    RearAngSet                               0x2000007a   Data           2  mbotlinuxusart.o(.data)
    Ax                                       0x2000008c   Data           4  can.o(.data)
    Ay                                       0x20000090   Data           4  can.o(.data)
    Az                                       0x20000094   Data           4  can.o(.data)
    Yaw                                      0x20000098   Data           4  can.o(.data)
    Yaw_rate                                 0x2000009c   Data           4  can.o(.data)
    Acc                                      0x200000a0   Data           6  can.o(.data)
    Angular_V                                0x200000a6   Data           6  can.o(.data)
    Angle                                    0x200000ac   Data           6  can.o(.data)
    rcr_remainder                            0x200000b4   Data           1  stepdriver.o(.data)
    is_rcr_finish                            0x200000b5   Data           1  stepdriver.o(.data)
    rcr_integer                              0x200000b8   Data           4  stepdriver.o(.data)
    target_pos                               0x200000bc   Data           4  stepdriver.o(.data)
    current_pos                              0x200000c0   Data           4  stepdriver.o(.data)
    des_angle                                0x200000c4   Data           4  stepdriver.o(.data)
    motor_dir                                0x200000c8   Data           1  stepdriver.o(.data)
    RS485_Frame_Distance                     0x200000ca   Data           1  rs485.o(.data)
    RS485_RX_CNT                             0x200000cb   Data           1  rs485.o(.data)
    MtSpeed                                  0x200000cc   Data           2  rs485.o(.data)
    MotorSpeed                               0x200000ce   Data           2  rs485.o(.data)
    receiveBuff                              0x200000d8   Data          16  mbotlinuxusart.o(.bss)
    RS485_TX_BUFF                            0x200000e8   Data          64  rs485.o(.bss)
    RS485_RX_BUF                             0x20000128   Data          64  rs485.o(.bss)
    __libspace_start                         0x20000168   Data          96  libspace.o(.bss)
    __temporary_stack_top$libspace           0x200001c8   Data           0  libspace.o(.bss)



==============================================================================

Memory Map of the image

  Image Entry point : 0x080001d5

  Load Region LR_1 (Base: 0x08000000, Size: 0x00003854, Max: 0xffffffff, ABSOLUTE)

    Execution Region ER_RO (Base: 0x08000000, Size: 0x0000377c, Max: 0xffffffff, ABSOLUTE)

    Base Addr    Size         Type   Attr      Idx    E Section Name        Object

    0x08000000   0x00000130   Data   RO          389    RESET               startup_stm32f10x_hd.o
    0x08000130   0x00000008   Code   RO         3719  * !!!main             c_w.l(__main.o)
    0x08000138   0x00000034   Code   RO         3930    !!!scatter          c_w.l(__scatter.o)
    0x0800016c   0x0000001a   Code   RO         3932    !!handler_copy      c_w.l(__scatter_copy.o)
    0x08000186   0x00000002   PAD
    0x08000188   0x0000001c   Code   RO         3934    !!handler_zi        c_w.l(__scatter_zi.o)
    0x080001a4   0x00000000   Code   RO         3714    .ARM.Collect$$_printf_percent$$00000000  c_w.l(_printf_percent.o)
    0x080001a4   0x00000006   Code   RO         3713    .ARM.Collect$$_printf_percent$$00000009  c_w.l(_printf_d.o)
    0x080001aa   0x00000004   Code   RO         3762    .ARM.Collect$$_printf_percent$$00000017  c_w.l(_printf_percent_end.o)
    0x080001ae   0x00000002   Code   RO         3804    .ARM.Collect$$libinit$$00000000  c_w.l(libinit.o)
    0x080001b0   0x00000000   Code   RO         3811    .ARM.Collect$$libinit$$00000002  c_w.l(libinit2.o)
    0x080001b0   0x00000000   Code   RO         3813    .ARM.Collect$$libinit$$00000004  c_w.l(libinit2.o)
    0x080001b0   0x00000000   Code   RO         3816    .ARM.Collect$$libinit$$0000000A  c_w.l(libinit2.o)
    0x080001b0   0x00000000   Code   RO         3818    .ARM.Collect$$libinit$$0000000C  c_w.l(libinit2.o)
    0x080001b0   0x00000000   Code   RO         3820    .ARM.Collect$$libinit$$0000000E  c_w.l(libinit2.o)
    0x080001b0   0x00000000   Code   RO         3823    .ARM.Collect$$libinit$$00000011  c_w.l(libinit2.o)
    0x080001b0   0x00000000   Code   RO         3825    .ARM.Collect$$libinit$$00000013  c_w.l(libinit2.o)
    0x080001b0   0x00000000   Code   RO         3827    .ARM.Collect$$libinit$$00000015  c_w.l(libinit2.o)
    0x080001b0   0x00000000   Code   RO         3829    .ARM.Collect$$libinit$$00000017  c_w.l(libinit2.o)
    0x080001b0   0x00000000   Code   RO         3831    .ARM.Collect$$libinit$$00000019  c_w.l(libinit2.o)
    0x080001b0   0x00000000   Code   RO         3833    .ARM.Collect$$libinit$$0000001B  c_w.l(libinit2.o)
    0x080001b0   0x00000000   Code   RO         3835    .ARM.Collect$$libinit$$0000001D  c_w.l(libinit2.o)
    0x080001b0   0x00000000   Code   RO         3837    .ARM.Collect$$libinit$$0000001F  c_w.l(libinit2.o)
    0x080001b0   0x00000000   Code   RO         3839    .ARM.Collect$$libinit$$00000021  c_w.l(libinit2.o)
    0x080001b0   0x00000000   Code   RO         3841    .ARM.Collect$$libinit$$00000023  c_w.l(libinit2.o)
    0x080001b0   0x00000000   Code   RO         3843    .ARM.Collect$$libinit$$00000025  c_w.l(libinit2.o)
    0x080001b0   0x00000000   Code   RO         3847    .ARM.Collect$$libinit$$0000002C  c_w.l(libinit2.o)
    0x080001b0   0x00000000   Code   RO         3849    .ARM.Collect$$libinit$$0000002E  c_w.l(libinit2.o)
    0x080001b0   0x00000000   Code   RO         3851    .ARM.Collect$$libinit$$00000030  c_w.l(libinit2.o)
    0x080001b0   0x00000000   Code   RO         3853    .ARM.Collect$$libinit$$00000032  c_w.l(libinit2.o)
    0x080001b0   0x00000002   Code   RO         3854    .ARM.Collect$$libinit$$00000033  c_w.l(libinit2.o)
    0x080001b2   0x00000002   Code   RO         3872    .ARM.Collect$$libshutdown$$00000000  c_w.l(libshutdown.o)
    0x080001b4   0x00000000   Code   RO         3882    .ARM.Collect$$libshutdown$$00000002  c_w.l(libshutdown2.o)
    0x080001b4   0x00000000   Code   RO         3884    .ARM.Collect$$libshutdown$$00000004  c_w.l(libshutdown2.o)
    0x080001b4   0x00000000   Code   RO         3887    .ARM.Collect$$libshutdown$$00000007  c_w.l(libshutdown2.o)
    0x080001b4   0x00000000   Code   RO         3890    .ARM.Collect$$libshutdown$$0000000A  c_w.l(libshutdown2.o)
    0x080001b4   0x00000000   Code   RO         3892    .ARM.Collect$$libshutdown$$0000000C  c_w.l(libshutdown2.o)
    0x080001b4   0x00000000   Code   RO         3895    .ARM.Collect$$libshutdown$$0000000F  c_w.l(libshutdown2.o)
    0x080001b4   0x00000002   Code   RO         3896    .ARM.Collect$$libshutdown$$00000010  c_w.l(libshutdown2.o)
    0x080001b6   0x00000000   Code   RO         3757    .ARM.Collect$$rtentry$$00000000  c_w.l(__rtentry.o)
    0x080001b6   0x00000000   Code   RO         3773    .ARM.Collect$$rtentry$$00000002  c_w.l(__rtentry2.o)
    0x080001b6   0x00000006   Code   RO         3785    .ARM.Collect$$rtentry$$00000004  c_w.l(__rtentry4.o)
    0x080001bc   0x00000000   Code   RO         3775    .ARM.Collect$$rtentry$$00000009  c_w.l(__rtentry2.o)
    0x080001bc   0x00000004   Code   RO         3776    .ARM.Collect$$rtentry$$0000000A  c_w.l(__rtentry2.o)
    0x080001c0   0x00000000   Code   RO         3778    .ARM.Collect$$rtentry$$0000000C  c_w.l(__rtentry2.o)
    0x080001c0   0x00000008   Code   RO         3779    .ARM.Collect$$rtentry$$0000000D  c_w.l(__rtentry2.o)
    0x080001c8   0x00000002   Code   RO         3808    .ARM.Collect$$rtexit$$00000000  c_w.l(rtexit.o)
    0x080001ca   0x00000000   Code   RO         3856    .ARM.Collect$$rtexit$$00000002  c_w.l(rtexit2.o)
    0x080001ca   0x00000004   Code   RO         3857    .ARM.Collect$$rtexit$$00000003  c_w.l(rtexit2.o)
    0x080001ce   0x00000006   Code   RO         3858    .ARM.Collect$$rtexit$$00000004  c_w.l(rtexit2.o)
    0x080001d4   0x00000040   Code   RO          390  * .text               startup_stm32f10x_hd.o
    0x08000214   0x00000002   Code   RO         3683    .text               c_w.l(use_no_semi_2.o)
    0x08000216   0x00000002   PAD
    0x08000218   0x00000018   Code   RO         3687    .text               c_w.l(noretval__2printf.o)
    0x08000230   0x00000078   Code   RO         3691    .text               c_w.l(_printf_dec.o)
    0x080002a8   0x000000b8   Code   RO         3696    .text               c_w.l(__printf_ss.o)
    0x08000360   0x0000004e   Code   RO         3715    .text               c_w.l(rt_memclr_w.o)
    0x080003ae   0x00000006   Code   RO         3717    .text               c_w.l(heapauxi.o)
    0x080003b4   0x00000002   Code   RO         3755    .text               c_w.l(use_no_semi.o)
    0x080003b6   0x000000b2   Code   RO         3758    .text               c_w.l(_printf_intcommon.o)
    0x08000468   0x00000024   Code   RO         3760    .text               c_w.l(_printf_char_file.o)
    0x0800048c   0x00000030   Code   RO         3787    .text               c_w.l(_printf_char_common.o)
    0x080004bc   0x00000008   Code   RO         3789    .text               c_w.l(ferror.o)
    0x080004c4   0x0000004a   Code   RO         3793    .text               c_w.l(sys_stackheap_outer.o)
    0x0800050e   0x00000012   Code   RO         3797    .text               c_w.l(exit.o)
    0x08000520   0x00000008   Code   RO         3805    .text               c_w.l(libspace.o)
    0x08000528   0x00000016   Code   RO          436    i.ADC_Cmd           stm32f10x_adc.o
    0x0800053e   0x00000016   Code   RO          437    i.ADC_DMACmd        stm32f10x_adc.o
    0x08000554   0x0000005c   Code   RO          438    i.ADC_DeInit        stm32f10x_adc.o
    0x080005b0   0x00000014   Code   RO          444    i.ADC_GetCalibrationStatus  stm32f10x_adc.o
    0x080005c4   0x00000014   Code   RO          450    i.ADC_GetResetCalibrationStatus  stm32f10x_adc.o
    0x080005d8   0x00000050   Code   RO          454    i.ADC_Init          stm32f10x_adc.o
    0x08000628   0x000000b8   Code   RO          458    i.ADC_RegularChannelConfig  stm32f10x_adc.o
    0x080006e0   0x0000000a   Code   RO          459    i.ADC_ResetCalibration  stm32f10x_adc.o
    0x080006ea   0x00000016   Code   RO          461    i.ADC_SoftwareStartConvCmd  stm32f10x_adc.o
    0x08000700   0x0000000a   Code   RO          463    i.ADC_StartCalibration  stm32f10x_adc.o
    0x0800070a   0x00000002   PAD
    0x0800070c   0x000000f4   Code   RO         3373    i.Adc_Init          adc.o
    0x08000800   0x0000000c   Code   RO         3613    i.BEBufToUint16     rs485.o
    0x0800080c   0x00000004   Code   RO          164    i.BusFault_Handler  stm32f10x_it.o
    0x08000810   0x00000108   Code   RO          736    i.CAN_FilterInit    stm32f10x_can.o
    0x08000918   0x00000012   Code   RO          742    i.CAN_ITConfig      stm32f10x_can.o
    0x0800092a   0x00000114   Code   RO          743    i.CAN_Init          stm32f10x_can.o
    0x08000a3e   0x00000002   PAD
    0x08000a40   0x000000f8   Code   RO         3525    i.CAN_Mode_Init     can.o
    0x08000b38   0x000000f0   Code   RO          746    i.CAN_Receive       stm32f10x_can.o
    0x08000c28   0x00000038   Code   RO         3614    i.CRC_Compute       rs485.o
    0x08000c60   0x00000028   Code   RO         1017    i.DAC_Cmd           stm32f10x_dac.o
    0x08000c88   0x00000034   Code   RO         1022    i.DAC_Init          stm32f10x_dac.o
    0x08000cbc   0x00000020   Code   RO         1023    i.DAC_SetChannel1Data  stm32f10x_dac.o
    0x08000cdc   0x0000003c   Code   RO         3478    i.DIR_Init          dir_gpio.o
    0x08000d18   0x00000018   Code   RO         1121    i.DMA_Cmd           stm32f10x_dma.o
    0x08000d30   0x0000014c   Code   RO         1122    i.DMA_DeInit        stm32f10x_dma.o
    0x08000e7c   0x0000003c   Code   RO         1127    i.DMA_Init          stm32f10x_dma.o
    0x08000eb8   0x00000064   Code   RO         3385    i.Dac1_Init         dac.o
    0x08000f1c   0x00000002   Code   RO          165    i.DebugMon_Handler  stm32f10x_it.o
    0x08000f1e   0x00000002   PAD
    0x08000f20   0x0000003c   Code   RO         3561    i.Driver_Init       stepdriver.o
    0x08000f5c   0x00000044   Code   RO         3403    i.EXTI0_IRQHandler  exti.o
    0x08000fa0   0x00000034   Code   RO         3404    i.EXTI3_IRQHandler  exti.o
    0x08000fd4   0x00000064   Code   RO         3405    i.EXTI4_IRQHandler  exti.o
    0x08001038   0x000000e4   Code   RO         3406    i.EXTIX_Init        exti.o
    0x0800111c   0x0000000c   Code   RO         1192    i.EXTI_ClearITPendingBit  stm32f10x_exti.o
    0x08001128   0x00000028   Code   RO         1196    i.EXTI_GetITStatus  stm32f10x_exti.o
    0x08001150   0x00000094   Code   RO         1197    i.EXTI_Init         stm32f10x_exti.o
    0x080011e4   0x00000040   Code   RO         1542    i.GPIO_EXTILineConfig  stm32f10x_gpio.o
    0x08001224   0x00000116   Code   RO         1545    i.GPIO_Init         stm32f10x_gpio.o
    0x0800133a   0x00000012   Code   RO         1549    i.GPIO_ReadInputDataBit  stm32f10x_gpio.o
    0x0800134c   0x00000004   Code   RO         1552    i.GPIO_ResetBits    stm32f10x_gpio.o
    0x08001350   0x00000004   Code   RO         1553    i.GPIO_SetBits      stm32f10x_gpio.o
    0x08001354   0x00000004   Code   RO          166    i.HardFault_Handler  stm32f10x_it.o
    0x08001358   0x0000003c   Code   RO         3434    i.KEY_Init          key.o
    0x08001394   0x0000004c   Code   RO         3361    i.LED_Init          led.o
    0x080013e0   0x000000cc   Code   RO         3562    i.Locate_Abs        stepdriver.o
    0x080014ac   0x000000fc   Code   RO         3563    i.Locate_AbsAng     stepdriver.o
    0x080015a8   0x00000044   Code   RO         3615    i.Master_03_Slove   rs485.o
    0x080015ec   0x00000004   Code   RO          167    i.MemManage_Handler  stm32f10x_it.o
    0x080015f0   0x00000002   Code   RO          168    i.NMI_Handler       stm32f10x_it.o
    0x080015f2   0x00000002   PAD
    0x080015f4   0x00000070   Code   RO          394    i.NVIC_Init         misc.o
    0x08001664   0x00000014   Code   RO          395    i.NVIC_PriorityGroupConfig  misc.o
    0x08001678   0x00000002   Code   RO          169    i.PendSV_Handler    stm32f10x_it.o
    0x0800167a   0x00000002   PAD
    0x0800167c   0x00000018   Code   RO         1959    i.RCC_ADCCLKConfig  stm32f10x_rcc.o
    0x08001694   0x00000020   Code   RO         1960    i.RCC_AHBPeriphClockCmd  stm32f10x_rcc.o
    0x080016b4   0x00000020   Code   RO         1961    i.RCC_APB1PeriphClockCmd  stm32f10x_rcc.o
    0x080016d4   0x00000020   Code   RO         1962    i.RCC_APB1PeriphResetCmd  stm32f10x_rcc.o
    0x080016f4   0x00000020   Code   RO         1963    i.RCC_APB2PeriphClockCmd  stm32f10x_rcc.o
    0x08001714   0x00000020   Code   RO         1964    i.RCC_APB2PeriphResetCmd  stm32f10x_rcc.o
    0x08001734   0x000000d4   Code   RO         1971    i.RCC_GetClocksFreq  stm32f10x_rcc.o
    0x08001808   0x00000148   Code   RO         3616    i.RS485_Init        rs485.o
    0x08001950   0x00000054   Code   RO         3618    i.RS485_Send_Data   rs485.o
    0x080019a4   0x00000002   Code   RO          170    i.SVC_Handler       stm32f10x_it.o
    0x080019a6   0x00000008   Code   RO          253    i.SetSysClock       system_stm32f10x.o
    0x080019ae   0x00000002   PAD
    0x080019b0   0x000000e0   Code   RO          254    i.SetSysClockTo72   system_stm32f10x.o
    0x08001a90   0x00000028   Code   RO          398    i.SysTick_CLKSourceConfig  misc.o
    0x08001ab8   0x00000002   Code   RO          171    i.SysTick_Handler   stm32f10x_it.o
    0x08001aba   0x00000002   PAD
    0x08001abc   0x00000060   Code   RO          256    i.SystemInit        system_stm32f10x.o
    0x08001b1c   0x00000020   Code   RO         3619    i.TIM2_IRQHandler   rs485.o
    0x08001b3c   0x000000ec   Code   RO         3453    i.TIM6_IRQHandler   timer.o
    0x08001c28   0x000000e0   Code   RO         3564    i.TIM8_OPM_RCR_Init  stepdriver.o
    0x08001d08   0x00000038   Code   RO         3565    i.TIM8_Startup      stepdriver.o
    0x08001d40   0x000000f0   Code   RO         3566    i.TIM8_UP_IRQHandler  stepdriver.o
    0x08001e30   0x00000018   Code   RO         2583    i.TIM_ARRPreloadConfig  stm32f10x_tim.o
    0x08001e48   0x00000006   Code   RO         2590    i.TIM_ClearITPendingBit  stm32f10x_tim.o
    0x08001e4e   0x00000018   Code   RO         2595    i.TIM_Cmd           stm32f10x_tim.o
    0x08001e66   0x0000001e   Code   RO         2597    i.TIM_CtrlPWMOutputs  stm32f10x_tim.o
    0x08001e84   0x00000004   Code   RO         2609    i.TIM_GenerateEvent  stm32f10x_tim.o
    0x08001e88   0x00000022   Code   RO         2616    i.TIM_GetITStatus   stm32f10x_tim.o
    0x08001eaa   0x00000012   Code   RO         2620    i.TIM_ITConfig      stm32f10x_tim.o
    0x08001ebc   0x000000a4   Code   RO         2629    i.TIM_OC2Init       stm32f10x_tim.o
    0x08001f60   0x0000001a   Code   RO         2632    i.TIM_OC2PreloadConfig  stm32f10x_tim.o
    0x08001f7a   0x00000012   Code   RO         2651    i.TIM_SelectOnePulseMode  stm32f10x_tim.o
    0x08001f8c   0x00000004   Code   RO         2654    i.TIM_SetAutoreload  stm32f10x_tim.o
    0x08001f90   0x00000004   Code   RO         2657    i.TIM_SetCompare2   stm32f10x_tim.o
    0x08001f94   0x00000004   Code   RO         2660    i.TIM_SetCounter    stm32f10x_tim.o
    0x08001f98   0x000000a4   Code   RO         2666    i.TIM_TimeBaseInit  stm32f10x_tim.o
    0x0800203c   0x00000012   Code   RO         2667    i.TIM_TimeBaseStructInit  stm32f10x_tim.o
    0x0800204e   0x00000018   Code   RO         2669    i.TIM_UpdateRequestConfig  stm32f10x_tim.o
    0x08002066   0x00000002   PAD
    0x08002068   0x00000044   Code   RO            1    i.USART1_IRQHandler  main.o
    0x080020ac   0x00000028   Code   RO         3620    i.USART2_IRQHandler  rs485.o
    0x080020d4   0x00000012   Code   RO         3127    i.USART_ClearFlag   stm32f10x_usart.o
    0x080020e6   0x0000001e   Code   RO         3128    i.USART_ClearITPendingBit  stm32f10x_usart.o
    0x08002104   0x00000018   Code   RO         3131    i.USART_Cmd         stm32f10x_usart.o
    0x0800211c   0x0000001a   Code   RO         3134    i.USART_GetFlagStatus  stm32f10x_usart.o
    0x08002136   0x00000054   Code   RO         3135    i.USART_GetITStatus  stm32f10x_usart.o
    0x0800218a   0x0000004a   Code   RO         3137    i.USART_ITConfig    stm32f10x_usart.o
    0x080021d4   0x000000d8   Code   RO         3138    i.USART_Init        stm32f10x_usart.o
    0x080022ac   0x0000000a   Code   RO         3145    i.USART_ReceiveData  stm32f10x_usart.o
    0x080022b6   0x00000008   Code   RO         3148    i.USART_SendData    stm32f10x_usart.o
    0x080022be   0x00000002   PAD
    0x080022c0   0x0000003c   Code   RO         3490    i.USART_Send_String  mbotlinuxusart.o
    0x080022fc   0x00000148   Code   RO         3528    i.USB_LP_CAN1_RX0_IRQHandler  can.o
    0x08002444   0x00000004   Code   RO          172    i.UsageFault_Handler  stm32f10x_it.o
    0x08002448   0x00000004   Code   RO          342    i._sys_exit         usart.o
    0x0800244c   0x00000060   Code   RO         3454    i.basic_timerInit   timer.o
    0x080024ac   0x00000044   Code   RO          287    i.delay_init        delay.o
    0x080024f0   0x0000004c   Code   RO          288    i.delay_ms          delay.o
    0x0800253c   0x0000001c   Code   RO          343    i.fputc             usart.o
    0x08002558   0x00000038   Code   RO         3491    i.getCrc8           mbotlinuxusart.o
    0x08002590   0x00000134   Code   RO            2    i.main              main.o
    0x080026c4   0x000000a0   Code   RO          344    i.uart_init         usart.o
    0x08002764   0x0000012c   Code   RO         3621    i.usart2ReceiveOneData  rs485.o
    0x08002890   0x00000248   Code   RO         3492    i.usartReceiveOneData  mbotlinuxusart.o
    0x08002ad8   0x000000e4   Code   RO         3493    i.usartSendData     mbotlinuxusart.o
    0x08002bbc   0x00000062   Code   RO         3721    x$fpl$d2f           fz_ws.l(d2f.o)
    0x08002c1e   0x00000002   PAD
    0x08002c20   0x000002b0   Code   RO         3724    x$fpl$ddiv          fz_ws.l(ddiv.o)
    0x08002ed0   0x0000005e   Code   RO         3727    x$fpl$dfix          fz_ws.l(dfix.o)
    0x08002f2e   0x00000002   PAD
    0x08002f30   0x0000005a   Code   RO         3731    x$fpl$dfixu         fz_ws.l(dfixu.o)
    0x08002f8a   0x00000002   PAD
    0x08002f8c   0x00000154   Code   RO         3735    x$fpl$dmul          fz_ws.l(dmul.o)
    0x080030e0   0x0000009c   Code   RO         3763    x$fpl$dnaninf       fz_ws.l(dnaninf.o)
    0x0800317c   0x0000000c   Code   RO         3765    x$fpl$dretinf       fz_ws.l(dretinf.o)
    0x08003188   0x00000056   Code   RO         3737    x$fpl$f2d           fz_ws.l(f2d.o)
    0x080031de   0x00000002   PAD
    0x080031e0   0x00000184   Code   RO         3740    x$fpl$fdiv          fz_ws.l(fdiv.o)
    0x08003364   0x00000030   Code   RO         3748    x$fpl$fflt          fz_ws.l(fflt_clz.o)
    0x08003394   0x00000026   Code   RO         3747    x$fpl$ffltu         fz_ws.l(fflt_clz.o)
    0x080033ba   0x00000002   PAD
    0x080033bc   0x00000102   Code   RO         3753    x$fpl$fmul          fz_ws.l(fmul.o)
    0x080034be   0x0000008c   Code   RO         3767    x$fpl$fnaninf       fz_ws.l(fnaninf.o)
    0x0800354a   0x0000000a   Code   RO         3769    x$fpl$fretinf       fz_ws.l(fretinf.o)
    0x08003554   0x00000000   Code   RO         3771    x$fpl$usenofp       fz_ws.l(usenofp.o)
    0x08003554   0x00000004   Data   RO         3495    .constdata          mbotlinuxusart.o
    0x08003558   0x00000202   Data   RO         3623    .constdata          rs485.o
    0x0800375a   0x00000002   PAD
    0x0800375c   0x00000020   Data   RO         3928    Region$$Table       anon$$obj.o


    Execution Region ER_RW (Base: 0x20000000, Size: 0x000000d8, Max: 0xffffffff, ABSOLUTE)

    Base Addr    Size         Type   Attr      Idx    E Section Name        Object

    0x20000000   0x0000002c   Data   RW            3    .data               main.o
    0x2000002c   0x00000014   Data   RW          257    .data               system_stm32f10x.o
    0x20000040   0x00000004   Data   RW          290    .data               delay.o
    0x20000044   0x00000006   Data   RW          346    .data               usart.o
    0x2000004a   0x00000014   Data   RW         1991    .data               stm32f10x_rcc.o
    0x2000005e   0x00000002   Data   RW         3455    .data               timer.o
    0x20000060   0x0000002c   Data   RW         3496    .data               mbotlinuxusart.o
    0x2000008c   0x00000026   Data   RW         3529    .data               can.o
    0x200000b2   0x00000002   PAD
    0x200000b4   0x00000015   Data   RW         3567    .data               stepdriver.o
    0x200000c9   0x00000001   PAD
    0x200000ca   0x0000000e   Data   RW         3624    .data               rs485.o


    Execution Region ER_ZI (Base: 0x200000d8, Size: 0x000006f0, Max: 0xffffffff, ABSOLUTE)

    Base Addr    Size         Type   Attr      Idx    E Section Name        Object

    0x200000d8   0x00000010   Zero   RW         3494    .bss                mbotlinuxusart.o
    0x200000e8   0x00000080   Zero   RW         3622    .bss                rs485.o
    0x20000168   0x00000060   Zero   RW         3806    .bss                c_w.l(libspace.o)
    0x200001c8   0x00000200   Zero   RW          388    HEAP                startup_stm32f10x_hd.o
    0x200003c8   0x00000400   Zero   RW          387    STACK               startup_stm32f10x_hd.o


==============================================================================

Image component sizes


      Code (inc. data)   RO Data    RW Data    ZI Data      Debug   Object Name

       244          8          0          0          0       1223   adc.o
       576         58          0         38          0       2033   can.o
       100          6          0          0          0        592   dac.o
       144         22          0          4          0       1224   delay.o
        60          4          0          0          0        519   dir_gpio.o
       448         46          0          0          0       2154   exti.o
        60          8          0          0          0        503   key.o
        76          8          0          0          0        507   led.o
       376         98          0         44          0     288921   main.o
       928        126          4         44         16       4743   mbotlinuxusart.o
       172         22          0          0          0       2089   misc.o
       920         90        514         14        128       6267   rs485.o
        64         26        304          0       1536        812   startup_stm32f10x_hd.o
      1036        150          0         21          0       4964   stepdriver.o
       482         24          0          0          0       8058   stm32f10x_adc.o
       798          6          0          0          0       3701   stm32f10x_can.o
       124         18          0          0          0       2439   stm32f10x_dac.o
       416          8          0          0          0       3446   stm32f10x_dma.o
       200         18          0          0          0       2140   stm32f10x_exti.o
       368          4          0          0          0       4326   stm32f10x_gpio.o
        26          0          0          0          0       3774   stm32f10x_it.o
       396         56          0         20          0       6755   stm32f10x_rcc.o
       566         52          0          0          0       9934   stm32f10x_tim.o
       490          6          0          0          0       7449   stm32f10x_usart.o
         0          0          0          0          0         32   sys.o
       328         28          0         20          0       2125   system_stm32f10x.o
       332         50          0          2          0       1346   timer.o
       192         12          0          6          0       3580   usart.o

    ----------------------------------------------------------------------
      9940        954        856        216       1680     375656   Object Totals
         0          0         32          0          0          0   (incl. Generated)
        18          0          2          3          0          0   (incl. Padding)

    ----------------------------------------------------------------------

      Code (inc. data)   RO Data    RW Data    ZI Data      Debug   Library Member Name

         8          0          0          0          0         68   __main.o
       184          0          0          0          0         84   __printf_ss.o
         0          0          0          0          0          0   __rtentry.o
        12          0          0          0          0          0   __rtentry2.o
         6          0          0          0          0          0   __rtentry4.o
        52          8          0          0          0          0   __scatter.o
        26          0          0          0          0          0   __scatter_copy.o
        28          0          0          0          0          0   __scatter_zi.o
        48          6          0          0          0         96   _printf_char_common.o
        36          4          0          0          0         80   _printf_char_file.o
         6          0          0          0          0          0   _printf_d.o
       120         16          0          0          0         92   _printf_dec.o
       178          0          0          0          0         88   _printf_intcommon.o
         0          0          0          0          0          0   _printf_percent.o
         4          0          0          0          0          0   _printf_percent_end.o
        18          0          0          0          0         80   exit.o
         8          0          0          0          0         68   ferror.o
         6          0          0          0          0        152   heapauxi.o
         2          0          0          0          0          0   libinit.o
         2          0          0          0          0          0   libinit2.o
         2          0          0          0          0          0   libshutdown.o
         2          0          0          0          0          0   libshutdown2.o
         8          4          0          0         96         68   libspace.o
        24          4          0          0          0         84   noretval__2printf.o
        78          0          0          0          0         80   rt_memclr_w.o
         2          0          0          0          0          0   rtexit.o
        10          0          0          0          0          0   rtexit2.o
        74          0          0          0          0         80   sys_stackheap_outer.o
         2          0          0          0          0         68   use_no_semi.o
         2          0          0          0          0         68   use_no_semi_2.o
        98          4          0          0          0         92   d2f.o
       688        140          0          0          0        208   ddiv.o
        94          4          0          0          0         92   dfix.o
        90          4          0          0          0         92   dfixu.o
       340         12          0          0          0        104   dmul.o
       156          4          0          0          0         92   dnaninf.o
        12          0          0          0          0         68   dretinf.o
        86          4          0          0          0         84   f2d.o
       388         76          0          0          0         96   fdiv.o
        86          0          0          0          0        136   fflt_clz.o
       258          4          0          0          0         84   fmul.o
       140          4          0          0          0         84   fnaninf.o
        10          0          0          0          0         68   fretinf.o
         0          0          0          0          0          0   usenofp.o

    ----------------------------------------------------------------------
      3408        298          0          0         96       2556   Library Totals
        14          0          0          0          0          0   (incl. Padding)

    ----------------------------------------------------------------------

      Code (inc. data)   RO Data    RW Data    ZI Data      Debug   Library Name

       948         42          0          0         96       1256   c_w.l
      2446        256          0          0          0       1300   fz_ws.l

    ----------------------------------------------------------------------
      3408        298          0          0         96       2556   Library Totals

    ----------------------------------------------------------------------

==============================================================================


      Code (inc. data)   RO Data    RW Data    ZI Data      Debug   

     13348       1252        856        216       1776     371292   Grand Totals
     13348       1252        856        216       1776     371292   ELF Image Totals
     13348       1252        856        216          0          0   ROM Totals

==============================================================================

    Total RO  Size (Code + RO Data)                14204 (  13.87kB)
    Total RW  Size (RW Data + ZI Data)              1992 (   1.95kB)
    Total ROM Size (Code + RO Data + RW Data)      14420 (  14.08kB)

==============================================================================

